Script started on Sun Apr 10 13:52:28 2011
bash-3.2$ sc[K[Kscript
script
bash-3.2$ script/rails 
.DS_Store     README        config.ru     lib/          test/
.gitignore    Rakefile      db/           log/          tmp/
Gemfile       app/          doc/          public/       typescript
Gemfile.lock  config/       install       script/       vendor/
bash-3.2$ script/rails 
.DS_Store     README        config.ru     lib/          test/
.gitignore    Rakefile      db/           log/          tmp/
Gemfile       app/          doc/          public/       typescript
Gemfile.lock  config/       install       script/       vendor/
bash-3.2$ script/rails [K[Ks/[K
Usage: rails COMMAND [ARGS]

The most common rails commands are:
 generate    Generate new code (short-cut alias: "g")
 console     Start the Rails console (short-cut alias: "c")
 server      Start the Rails server (short-cut alias: "s")
 dbconsole   Start a console for the database specified in config/database.yml
             (short-cut alias: "db")
 new         Create a new Rails application. "rails new my_app" creates a
             new application called MyApp in "./my_app"

In addition to those, there are:
 application  Generate the Rails application code
 destroy      Undo code generated with "generate"
 benchmarker  See how fast a piece of code runs
 profiler     Get profile information from a piece of code
 plugin       Install a plugin
 runner       Run a piece of code in the application environment

All commands can be run with -h for more information.
bash-3.2$ rails plugin
Usage: plugin [OPTIONS] command
Rails plugin manager.

GENERAL OPTIONS
  -r, --root=DIR                   Set an explicit rails app directory.
                                   Default: /Users/kav/Projects/lyrebd/implementation/lyrebd
  -s, --source=URL1,URL2           Use the specified plugin repositories instead of the defaults.
  -v, --verbose                    Turn on verbose output.
  -h, --help                       Show this help message.

COMMANDS
  install    Install plugin(s) from known repositories or URLs.
  remove     Uninstall plugins.

EXAMPLES
  Install a plugin:
    rails plugin install continuous_builder
  Install a plugin from a subversion URL:
    rails plugin install http://dev.rubyonrails.com/svn/rails/plugins/continuous_builder
  Install a plugin from a git URL:
    rails plugin install git://github.com/SomeGuy/my_awesome_plugin.git
  Install a plugin and add a svn:externals entry to vendor/plugins
    rails plugin install -x continuous_builder
bash-3.2$ rails plugin install git://github[K[K[K[K[K[K[K[K[K[K[Kit://github.com/mbleigh/twitter-auth.git
Initialized empty Git repository in /Users/kav/Projects/lyrebd/implementation/lyrebd/vendor/plugins/twitter-auth/.git/
remote: Counting objects: 73, done.[K
remote: Compressing objects:   1% (1/59)   [Kremote: Compressing objects:   3% (2/59)   [Kremote: Compressing objects:   5% (3/59)   [Kremote: Compressing objects:   6% (4/59)   [Kremote: Compressing objects:   8% (5/59)   [Kremote: Compressing objects:  10% (6/59)   [Kremote: Compressing objects:  11% (7/59)   [Kremote: Compressing objects:  13% (8/59)   [Kremote: Compressing objects:  15% (9/59)   [Kremote: Compressing objects:  16% (10/59)   [Kremote: Compressing objects:  18% (11/59)   [Kremote: Compressing objects:  20% (12/59)   [Kremote: Compressing objects:  22% (13/59)   [Kremote: Compressing objects:  23% (14/59)   [Kremote: Compressing objects:  25% (15/59)   [Kremote: Compressing objects:  27% (16/59)   [Kremote: Compressing objects:  28% (17/59)   [Kremote: Compressing objects:  30% (18/59)   [Kremote: Compressing objects:  32% (19/59)   [Kremote: Compressing objects:  33% (20/59)   [Kremote: Compressing objects:  35% (21/59)   [Kremote: Compressing objects:  37% (22/59)   [Kremote: Compressing objects:  38% (23/59)   [Kremote: Compressing objects:  40% (24/59)   [Kremote: Compressing objects:  42% (25/59)   [Kremote: Compressing objects:  44% (26/59)   [Kremote: Compressing objects:  45% (27/59)   [Kremote: Compressing objects:  47% (28/59)   [Kremote: Compressing objects:  49% (29/59)   [Kremote: Compressing objects:  50% (30/59)   [Kremote: Compressing objects:  52% (31/59)   [Kremote: Compressing objects:  54% (32/59)   [Kremote: Compressing objects:  55% (33/59)   [Kremote: Compressing objects:  57% (34/59)   [Kremote: Compressing objects:  59% (35/59)   [Kremote: Compressing objects:  61% (36/59)   [Kremote: Compressing objects:  62% (37/59)   [Kremote: Compressing objects:  64% (38/59)   [Kremote: Compressing objects:  66% (39/59)   [Kremote: Compressing objects:  67% (40/59)   [Kremote: Compressing objects:  69% (41/59)   [Kremote: Compressing objects:  71% (42/59)   [Kremote: Compressing objects:  72% (43/59)   [Kremote: Compressing objects:  74% (44/59)   [Kremote: Compressing objects:  76% (45/59)   [Kremote: Compressing objects:  77% (46/59)   [Kremote: Compressing objects:  79% (47/59)   [Kremote: Compressing objects:  81% (48/59)   [Kremote: Compressing objects:  83% (49/59)   [Kremote: Compressing objects:  84% (50/59)   [Kremote: Compressing objects:  86% (51/59)   [Kremote: Compressing objects:  88% (52/59)   [Kremote: Compressing objects:  89% (53/59)   [Kremote: Compressing objects:  91% (54/59)   [Kremote: Compressing objects:  93% (55/59)   [Kremote: Compressing objects:  94% (56/59)   [Kremote: Compressing objects:  96% (57/59)   [Kremote: Compressing objects:  98% (58/59)   [Kremote: Compressing objects: 100% (59/59)   [Kremote: Compressing objects: 100% (59/59), done.[K
Unpacking objects:   1% (1/73)   Unpacking objects:   2% (2/73)   Unpacking objects:   4% (3/73)   Unpacking objects:   5% (4/73)   Unpacking objects:   6% (5/73)   Unpacking objects:   8% (6/73)   Unpacking objects:   9% (7/73)   Unpacking objects:  10% (8/73)   Unpacking objects:  12% (9/73)   Unpacking objects:  13% (10/73)   Unpacking objects:  15% (11/73)   Unpacking objects:  16% (12/73)   Unpacking objects:  17% (13/73)   Unpacking objects:  19% (14/73)   Unpacking objects:  20% (15/73)   Unpacking objects:  21% (16/73)   Unpacking objects:  23% (17/73)   Unpacking objects:  24% (18/73)   Unpacking objects:  26% (19/73)   Unpacking objects:  27% (20/73)   Unpacking objects:  28% (21/73)   Unpacking objects:  30% (22/73)   Unpacking objects:  31% (23/73)   Unpacking objects:  32% (24/73)   Unpacking objects:  34% (25/73)   Unpacking objects:  35% (26/73)   Unpacking objects:  36% (27/73)   Unpacking objects:  38% (28/73)   Unpacking objects:  39% (29/73)   Unpacking objects:  41% (30/73)   Unpacking objects:  42% (31/73)   Unpacking objects:  43% (32/73)   Unpacking objects:  45% (33/73)   Unpacking objects:  46% (34/73)   Unpacking objects:  47% (35/73)   Unpacking objects:  49% (36/73)   Unpacking objects:  50% (37/73)   Unpacking objects:  52% (38/73)   Unpacking objects:  53% (39/73)   Unpacking objects:  54% (40/73)   Unpacking objects:  56% (41/73)   Unpacking objects:  57% (42/73)   Unpacking objects:  58% (43/73)   Unpacking objects:  60% (44/73)   Unpacking objects:  61% (45/73)   Unpacking objects:  63% (46/73)   Unpacking objects:  64% (47/73)   Unpacking objects:  65% (48/73)   Unpacking objects:  67% (49/73)   Unpacking objects:  68% (50/73)   Unpacking objects:  69% (51/73)   Unpacking objects:  71% (52/73)   Unpacking objects:  72% (53/73)   Unpacking objects:  73% (54/73)   Unpacking objects:  75% (55/73)   Unpacking objects:  76% (56/73)   Unpacking objects:  78% (57/73)   Unpacking objects:  79% (58/73)   Unpacking objects:  80% (59/73)   Unpacking objects:  82% (60/73)   Unpacking objects:  83% (61/73)   Unpacking objects:  84% (62/73)   remote: Total 73 (delta 5), reused 34 (delta 2)[K
Unpacking objects:  86% (63/73)   Unpacking objects:  87% (64/73)   Unpacking objects:  89% (65/73)   Unpacking objects:  90% (66/73)   Unpacking objects:  91% (67/73)   Unpacking objects:  93% (68/73)   Unpacking objects:  94% (69/73)   Unpacking objects:  95% (70/73)   Unpacking objects:  97% (71/73)   Unpacking objects:  98% (72/73)   Unpacking objects: 100% (73/73)   Unpacking objects: 100% (73/73), done.
From git://github.com/mbleigh/twitter-auth
 * branch            HEAD       -> FETCH_HEAD
bash-3.2$ rails generate twitter_autho[K
bash-3.2$ ls
Gemfile		app		doc		public		typescript
Gemfile.lock	config		install		script		vendor
README		config.ru	lib		test
Rakefile	db		log		tmp
bash-3.2$ cd [K[K[Krake migrate
(in /Users/kav/Projects/lyrebd/implementation/lyrebd)
rake aborted!
Don't know how to build task 'migrate'

(See full trace by running task with --trace)
bash-3.2$ mi[Kigrate
bash: migrate: command not found
bash-3.2$ rake db:migrate
(in /Users/kav/Projects/lyrebd/implementation/lyrebd)
bash-3.2$ cd [K[K[Kls
Gemfile		app		doc		public		typescript
Gemfile.lock	config		install		script		vendor
README		config.ru	lib		test
Rakefile	db		log		tmp
bash-3.2$ cd app/[K[K[K[K[K[K[Kls db/
development.sqlite3	seeds.rb
bash-3.2$ ls app/
controllers/ helpers/     mailers/     models/      views/       
bash-3.2$ ls app/[K[K[K[K[K[K[Kls
Gemfile		app		doc		public		typescript
Gemfile.lock	config		install		script		vendor
README		config.ru	lib		test
Rakefile	db		log		tmp
bash-3.2$ ls db/[Krake db:migrate[C[C[C[C[C[C[C[C[C[C[8Pmigraterake migrate[C[C[C[C[C[C[C[C[C[Cls[Krails generate twitter_auth
bash-3.2$ ls config
application.rb	database.yml	environments	locales
boot.rb		environment.rb	initializers	routes.rb
bash-3.2$ gem install oauth
ERROR:  While executing gem ... (Gem::FilePermissionError)
    You don't have write permissions into the /usr/bin directory.
bash-3.2$ sudo gem install ou[Kauth
Password:
Successfully installed oauth-0.4.4
1 gem installed
Installing ri documentation for oauth-0.4.4...
Installing RDoc documentation for oauth-0.4.4...
bash-3.2$ rake gems:install
(in /Users/kav/Projects/lyrebd/implementation/lyrebd)
rake aborted!
Don't know how to build task 'gems:install'

(See full trace by running task with --trace)
bash-3.2$ ls
Gemfile		app		doc		public		typescript
Gemfile.lock	config		install		script		vendor
README		config.ru	lib		test
Rakefile	db		log		tmp
bash-3.2$ rake db:create
(in /Users/kav/Projects/lyrebd/implementation/lyrebd)
db/development.sqlite3 already exists
bash-3.2$ rails generate scaffold m[Kuser twitter)[K_id:integer name:sr[K[K[K[K[K[K[Ksr[Kce[Kreen_name:string[K[K[K[K[K[K[K[K[K[K[K[K[K[K[K[K[K[Kname:string token:stri ng secret:string profile_image:string
bash-3.2$ vim /mod[Ke[Kde[K[K[K[K[Kmoe[Kd[K[K[Kapp/models/u[K[K[K[K[K[K[K[K[K[K[K[K[K[K[K[Kls
Gemfile		app		doc		public		typescript
Gemfile.lock	config		install		script		vendor
README		config.ru	lib		test
Rakefile	db		log		tmp
bash-3.2$ cd app
bash-3.2$ ls
controllers	helpers		mailers		models		views
bash-3.2$ lscd app[4Plsrails generate scaffold user twitter_id:integer name:string token:strinng secret:string profile_image:string[A[C[C[C[C[C[C[C[C[C[C[C[C[C[C[C[C[C[C[C[C[C[C[C[C[C[C[C[C[C[C[C[C[C[C[C[C[C[C[C[C[C[C[C[C[C[C[C[C[C[C[C[C[C[C[C[C[C[C[C[C[C[C[C[C[C[C[C[C[C[C[C[C[C[C[C[C[C[C[C twitter_id:integer name:string token:string[1P[A[C[C[C[C[C[C[C[C[C[C[C[C[C[C[C[C[C[C[C[C[C[C[C[C[C[C[C[C[C[C[C[C[C[C[C[C twitter_id:integer name:string token:string [1P[A[C[C[C[C[C[C[C[C[C[C[C[C[C[C[C[C[C[C[C[C[C[C[C[C[C[C[C[C[C[C[C[C[C[C[C twitter_id:integer name:string token:string s[1P[A[C[C[C[C[C[C[C[C[C[C[C[C[C[C[C[C[C[C[C[C[C[C[C[C[C[C[C[C[C[C[C[C[C[C twitter_id:integer name:string token:string se[1P[A[C[C[C[C[C[C[C[C[C[C[C[C[C[C[C[C[C[C[C[C[C[C[C[C[C[C[C[C[C[C[C[C[Cm twitter_id:integer name:string token:string s[4he[4l[A[C[C[C[C[C[C[C[C[C[C[C[C[C[C[C[C[C[C[C[C[C[C[C[C[C[C[C[C[C[C[C[C[Ce twitter_id:integer name:string token:string [4hs[4l[A[C[C[C[C[C[C[C[C[C[C[C[C[C[C[C[C[C[C[C[C[C[C[C[C[C[C[C[C[C[C[C[C[C[Cm twitter_id:integer name:string token:string[4h [4l[A[C[C[C[C[C[C[C[C[C[C[C[C[C[C[C[C[C[C[C[C[C[C[C[C[C[C[C[C[C[C[C[C[C[C[Cb twitter_id:integer name:string token:strin[4hg[4l[A[C[C[C[C[C[C[C[C[C[C[C[C[C[C[C[C[C[C[C[C[C[C[C[C[C[C[C[C[C[C[C[C[C[C[C[Ce twitter_id:integer name:string token:stri[4hn[4l[A[C[C[C[C[C[C[C[C[C[C[C[C[C[C[C[C[C[C[C[C[C[C[C[C[C[C[C[C[C[C[C[C[C[C[C[C[Cr twitter_id:integer name:string token:str[4hi[4l[A[C[C[C[C[C[C[C[C[C[C[C[C[C[C[C[C[C[C[C[C[C[C[C[C[C[C[C[C[C[C[C[C[C[C[C[C[C[C

bash-3.2$ ls
controllers	helpers		mailers		models		views
bash-3.2$ cat models/
cat: models/: Is a directory
bash-3.2$ ls models/
bash-3.2$ git add .
bash-3.2$ git c[Kadd -u
bash-3.2$ git commit
7[?47h[?1h=[1;24r[m[H[2J[24;1H".git/COMMIT_EDITMSG" ".git/COMMIT_EDITMSG" 41L, 1074C[>c[2;1H# Please enter the commit message for your changes. Lines starting
# with '#' will be ignored, and an empty message aborts the commit.
# On branch master
# Your branch is ahead of 'origin/master' by 1 commit.
#
# Changes to be committed:
#   (use "git reset HEAD <file>..." to unstage)
#
#       new file:   controllers/application_controller.rb
#       new file:   controllers/signin_controller.rb
#       new file:   helpers/application_helper.rb
#       new file:   helpers/signin_helper.rb
#       new file:   views/layouts/application.html.erb
#       new file:   views/signin/index.html.erb
#
# Changed but not updated:
#   (use "git add/rm <file>..." to update what will be committed)
#   (use "git checkout -- <file>..." to discard changes in working directory)
#
#       deleted:    ../../lyrebird-bird.png
#
# Untracked files:[1;1H[24;1H[K[24;1H:q[24;1H[K[24;1H[?1l>[2J[?47l8Aborting commit due to empty commit message.
bash-3.2$ cd ..
bash-3.2$ cd ..
bash-3.2$ ls
lyrebd
bash-3.2$ c [Kd ..
bash-3.2$ ls
appengine	design		implementation
bash-3.2$ git add .
bash-3.2$ git add -u
bash-3.2$ git add -u .
bash-3.2$ git add -u .[K[1P.ls[Kcd ..[3Plscd ..git commitadd -ucommit
7[?47h[?1h=[1;24r[m[H[2J[24;1H".git/COMMIT_EDITMSG" ".git/COMMIT_EDITMSG" 108L, 7812C[>c[2;1H# Please enter the commit message for your changes. Lines starting
# with '#' will be ignored, and an empty message aborts the commit.
# On branch master
# Your branch is ahead of 'origin/master' by 1 commit.
#
# Changes to be committed:
#   (use "git reset HEAD <file>..." to unstage)
#
#       new file:   implementation/lyrebd/.gitignore
#       new file:   implementation/lyrebd/Gemfile
#       new file:   implementation/lyrebd/Gemfile.lock
#       new file:   implementation/lyrebd/README
#       new file:   implementation/lyrebd/Rakefile
#       new file:   implementation/lyrebd/app/controllers/application_controllerr[16;1H.rb
#       new file:   implementation/lyrebd/app/controllers/signin_controller.rb
#       new file:   implementation/lyrebd/app/helpers/application_helper.rb
#       new file:   implementation/lyrebd/app/helpers/signin_helper.rb
#       new file:   implementation/lyrebd/app/views/layouts/application.html.erb[21;1H#       new file:   implementation/lyrebd/app/views/signin/index.html.erb
#       new file:   implementation/lyrebd/config.ru
#       new file:   implementation/lyrebd/config/application.rb[1;1H





















[1;23r[23;1H
[1;24r[23;1H#       new file:   implementation/lyrebd/config/boot.rb[24;1H[K[23;1H[1;23r[23;1H
[1;24r[23;1H#       new file:   implementation/lyrebd/config/database.yml[1;23r[23;1H
[1;24r[23;1H#       new file:   implementation/lyrebd/config/environment.rb[1;23r[23;1H
[1;24r[23;1H#       new file:   implementation/lyrebd/config/environments/development.rb[1;23r[23;1H
[1;24r[23;1H#       new file:   implementation/lyrebd/config/environments/production.rb[1;23r[23;1H
[1;24r[23;1H#       new file:   implementation/lyrebd/config/environments/test.rb[1;23r[1;1H[2M[1;24r[22;1H#       new file:   implementation/lyrebd/config/initializers/backtrace_silencerr[23;1Hs.rb[22;1H[1;23r[23;1H
[1;24r[23;1H#       new file:   implementation/lyrebd/config/initializers/inflections.rb[1;23r[23;1H
[1;24r[23;1H#       new file:   implementation/lyrebd/config/initializers/mime_types.rb[1;23r[23;1H
[1;24r[23;1H#       new file:   implementation/lyrebd/config/initializers/secret_token.rb[1;23r[23;1H
[1;24r[23;1H#       new file:   implementation/lyrebd/config/initializers/session_store.rb[1;23r[23;1H
[1;24r[23;1H#       new file:   implementation/lyrebd/config/locales/en.yml[1;23r[23;1H
[1;24r[23;1H#       new file:   implementation/lyrebd/config/routes.rb[1;23r[1;1H[2M[1;24r[22;1H#       new file:   implementation/lyrebd/db/seeds.rb
#       new file:   implementation/lyrebd/doc/README_FOR_APP[22;1H
[1;23r[23;1H
[1;24r[23;1H#       new file:   implementation/lyrebd/install[1;23r[23;1H
[1;24r[23;1H#       new file:   implementation/lyrebd/lib/tasks/.gitkeep[1;23r[23;1H
[1;24r[23;1H#       new file:   implementation/lyrebd/public/404.html[1;23r[23;1H
[1;24r[23;1H#       new file:   implementation/lyrebd/public/422.html[1;23r[23;1H
[1;24r[23;1H#       new file:   implementation/lyrebd/public/500.html[1;23r[23;1H
[1;24r[23;1H#       new file:   implementation/lyrebd/public/favicon.ico[1;23r[1;1H[2M[1;24r[22;1H#       renamed:    implementation/lyrebird-bird.png -> implementation/lyrebd/puu[23;1Hblic/images/lyrebird-bg.png[22;1H[1;23r[23;1H
[1;24r[23;1H#       new file:   implementation/lyrebd/public/images/lyrebird-icon.png[1;23r[23;1H
[1;24r[23;1H#       new file:   implementation/lyrebd/public/images/rails.png[1;23r[23;1H
[1;24r[23;1H#       new file:   implementation/lyrebd/public/index.html[1;23r[23;1H
[1;24r[23;1H#       new file:   implementation/lyrebd/public/javascripts/application.js[1;23r[23;1H
[1;24r[23;1H#       new file:   implementation/lyrebd/public/javascripts/controls.js[1;23r[1;1H[2M[1;24r[22;1H#       new file:   implementation/lyrebd/public/javascripts/dragdrop.js
#       new file:   implementation/lyrebd/public/javascripts/effects.js[22;1H
[1;23r[1;1H[2M[1;24r[22;1H#       new file:   implementation/lyrebd/public/javascripts/jquery-twitter-plugg[23;1Hin.js[22;1H[1;23r[1;1H[2M[1;24r[22;1H#       new file:   implementation/lyrebd/public/javascripts/jquery.twitter.searr[23;1Hch.js[22;1H[1;23r[23;1H
[1;24r[23;1H#       new file:   implementation/lyrebd/public/javascripts/prototype.js[1;23r[23;1H
[1;24r[23;1H#       new file:   implementation/lyrebd/public/javascripts/rails.js[1;23r[23;1H
[1;24r[23;1H#       new file:   implementation/lyrebd/public/robots.txt[1;23r[23;1H
[1;24r[23;1H#       new file:   implementation/lyrebd/public/stylesheets/.gitkeep[1;23r[23;1H
[1;24r[23;1H#       new file:   implementation/lyrebd/public/stylesheets/style.css[1;23r[23;1H
[1;24r[23;1H#       new file:   implementation/lyrebd/script/rails[1;23r[1;1H[2M[1;24r[22;1H#       new file:   implementation/lyrebd/test/functional/signin_controller_testt[23;1H.rb[22;1H[1;23r[23;1H
[1;24r[23;1H#       new file:   implementation/lyrebd/test/performance/browsing_test.rb[1;23r[23;1H
[1;24r[23;1H#       new file:   implementation/lyrebd/test/test_helper.rb[1;23r[1;1H[2M[1;24r[22;1H#       new file:   implementation/lyrebd/test/unit/helpers/signin_helper_test.rr[23;1Hb[22;1H[1;23r[23;1H
[1;24r[23;1H#       new file:   implementation/lyrebd/typescript[1;23r[23;1H
[1;24r[23;1H#       new file:   implementation/lyrebd/vendor/plugins/.gitkeep[1;23r[1;1H[2M[1;24r[22;1H#       new file:   implementation/lyrebd/vendor/plugins/twitter-auth/CHANGELOG..[23;1Hmarkdown[22;1H[1;23r[1;1H[2M[1;24r[22;1H#       new file:   implementation/lyrebd/vendor/plugins/twitter-auth/README.marr[23;1Hkdown[22;1H[1;23r[23;1H
[1;24r[23;1H#       new file:   implementation/lyrebd/vendor/plugins/twitter-auth/Rakefile[1;23r[1;1H[2M[1;24r[22;1H#       new file:   implementation/lyrebd/vendor/plugins/twitter-auth/VERSION.ymm[23;1Hl[22;1H[1;23r[1;1H[2M[1;24r[22;1H#       new file:   implementation/lyrebd/vendor/plugins/twitter-auth/app/controo[23;1Hllers/sessions_controller.rb[22;1H[1;23r[1;1H[2M[1;24r[22;1H#       new file:   implementation/lyrebd/vendor/plugins/twitter-auth/app/modelss[23;1H/twitter_auth/basic_user.rb[22;1H[1;23r[1;1H[2M[1;24r[22;1H#       new file:   implementation/lyrebd/vendor/plugins/twitter-auth/app/modelss[23;1H/twitter_auth/generic_user.rb[22;1H[1;23r[1;1H[2M[1;24r[22;1H#       new file:   implementation/lyrebd/vendor/plugins/twitter-auth/app/modelss[23;1H/twitter_auth/oauth_user.rb[22;1H[1;23r[1;1H[2M[1;24r[22;1H#       new file:   implementation/lyrebd/vendor/plugins/twitter-auth/app/views//[23;1Hsessions/_login_form.html.erb[22;1H[1;23r[1;1H[2M[1;24r[22;1H#       new file:   implementation/lyrebd/vendor/plugins/twitter-auth/app/views//[23;1Hsessions/new.html.erb[22;1H[1;23r[1;1H[2M[1;24r[22;1H#       new file:   implementation/lyrebd/vendor/plugins/twitter-auth/config/rouu[23;1Htes.rb[22;1H[1;23r[1;1H[2M[1;24r[22;1H#       new file:   implementation/lyrebd/vendor/plugins/twitter-auth/generatorss[23;1H/twitter_auth/USAGE[22;1H[1;23r[1;1H[2M[1;24r[22;1H#       new file:   implementation/lyrebd/vendor/plugins/twitter-auth/generatorss[23;1H/twitter_auth/templates/migration.rb[22;1H[1;23r[1;1H[2M[1;24r[22;1H#       new file:   implementation/lyrebd/vendor/plugins/twitter-auth/generatorss[23;1H/twitter_auth/templates/twitter_auth.yml[22;1H[1;23r[1;1H[3M[1;24r[21;1H#       new file:   implementation/lyrebd/vendor/plugins/twitter-auth/generatorss[22;1H/twitter_auth/templates/user.rb
#       new file:   implementation/lyrebd/vendor/plugins/twitter-auth/generators[23;1H[1m[34m@                                                                               [21;1H[1;23r[m[1;1H[2M[1;24r[21;1H#       new file:   implementation/lyrebd/vendor/plugins/twitter-auth/generatorss[22;1H/twitter_auth/twitter_auth_generator.rb
#       new file:   implementation/lyrebd/vendor/plugins/twitter-auth/init.rb[21;1H

[1;23r[1;1H[2M[1;24r[22;1H#       new file:   implementation/lyrebd/vendor/plugins/twitter-auth/lib/twittee[23;1Hr_auth.rb[22;1H[1;23r[1;1H[2M[1;24r[22;1H#       new file:   implementation/lyrebd/vendor/plugins/twitter-auth/lib/twittee[23;1Hr_auth/controller_extensions.rb[22;1H[1;23r[1;1H[2M[1;24r[22;1H#       new file:   implementation/lyrebd/vendor/plugins/twitter-auth/lib/twittee[23;1Hr_auth/cryptify.rb[22;1H[1;23r[1;1H[2M[1;24r[22;1H#       new file:   implementation/lyrebd/vendor/plugins/twitter-auth/lib/twittee[23;1Hr_auth/dispatcher/basic.rb[22;1H[1;23r[1;1H[2M[1;24r[22;1H#       new file:   implementation/lyrebd/vendor/plugins/twitter-auth/lib/twittee[23;1Hr_auth/dispatcher/oauth.rb[22;1H[1;23r[1;1H[2M[1;24r[22;1H#       new file:   implementation/lyrebd/vendor/plugins/twitter-auth/lib/twittee[23;1Hr_auth/dispatcher/shared.rb[22;1H[1;23r[1;1H[2M[1;24r[22;1H#       new file:   implementation/lyrebd/vendor/plugins/twitter-auth/rails/initt[23;1H.rb[22;1H[1;23r[1;1H[2M[1;24r[22;1H#       new file:   implementation/lyrebd/vendor/plugins/twitter-auth/spec/contrr[23;1Hollers/controller_extensions_spec.rb[22;1H[1;23r[1;1H[2M[1;24r[22;1H#       new file:   implementation/lyrebd/vendor/plugins/twitter-auth/spec/contrr[23;1Hollers/sessions_controller_spec.rb[22;1H[1;23r[1;1H[2M[1;24r[22;1H#       new file:   implementation/lyrebd/vendor/plugins/twitter-auth/spec/fixtuu[23;1Hres/config/twitter_auth.yml[22;1H[1;23r[1;1H[2M[1;24r[22;1H#       new file:   implementation/lyrebd/vendor/plugins/twitter-auth/spec/fixtuu[23;1Hres/factories.rb[22;1H[1;23r[1;1H[3M[1;24r[21;1H#       new file:   implementation/lyrebd/vendor/plugins/twitter-auth/spec/fixtuu[22;1Hres/fakeweb.rb
#       new file:   implementation/lyrebd/vendor/plugins/twitter-auth/spec/fixtu[23;1H[1m[34m@                                                                               [21;1H[1;23r[m[1;1H[2M[1;24r[21;1H#       new file:   implementation/lyrebd/vendor/plugins/twitter-auth/spec/fixtuu[22;1Hres/twitter.rb
#       new file:   implementation/lyrebd/vendor/plugins/twitter-auth/spec/model[23;1H[1m[34m@                                                                               [21;1H[1;23r[m[1;1H[2M[1;24r[21;1H#       new file:   implementation/lyrebd/vendor/plugins/twitter-auth/spec/modell[22;1Hs/twitter_auth/basic_user_spec.rb
#       new file:   implementation/lyrebd/vendor/plugins/twitter-auth/spec/model[23;1H[1m[34m@                                                                               [21;1H[1;23r[m[1;1H[2M[1;24r[21;1H#       new file:   implementation/lyrebd/vendor/plugins/twitter-auth/spec/modell[22;1Hs/twitter_auth/generic_user_spec.rb
#       new file:   implementation/lyrebd/vendor/plugins/twitter-auth/spec/model[23;1H[1m[34m@                                                                               [21;1H[1;23r[m[1;1H[2M[1;24r[21;1H#       new file:   implementation/lyrebd/vendor/plugins/twitter-auth/spec/modell[22;1Hs/twitter_auth/oauth_user_spec.rb
#       new file:   implementation/lyrebd/vendor/plugins/twitter-auth/spec/schem[23;1H[1m[34m@                                                                               [21;1H[1;23r[m[1;1H[2M[1;24r[21;1H#       new file:   implementation/lyrebd/vendor/plugins/twitter-auth/spec/schemm[22;1Ha.rb
#       new file:   implementation/lyrebd/vendor/plugins/twitter-auth/spec/spec.[23;1H[1m[34m@                                                                               [21;1H[1;23r[m[1;1H[2M[1;24r[21;1H#       new file:   implementation/lyrebd/vendor/plugins/twitter-auth/spec/spec..[22;1Hopts
#       new file:   implementation/lyrebd/vendor/plugins/twitter-auth/spec/spec_[23;1H[1m[34m@                                                                               [21;1H[1;23r[m[1;1H[2M[1;24r[21;1H#       new file:   implementation/lyrebd/vendor/plugins/twitter-auth/spec/spec__[22;1Hhelper.rb
#       new file:   implementation/lyrebd/vendor/plugins/twitter-auth/spec/twitt[23;1H[1m[34m@                                                                               [21;1H[1;23r[m[1;1H[2M[1;24r[21;1H#       new file:   implementation/lyrebd/vendor/plugins/twitter-auth/spec/twittt[22;1Her_auth/cryptify_spec.rb
#       new file:   implementation/lyrebd/vendor/plugins/twitter-auth/spec/twitt[23;1H[1m[34m@                                                                               [21;1H[1;23r[m[1;1H[2M[1;24r[21;1H#       new file:   implementation/lyrebd/vendor/plugins/twitter-auth/spec/twittt[22;1Her_auth/dispatcher/basic_spec.rb
#       new file:   implementation/lyrebd/vendor/plugins/twitter-auth/spec/twitt[23;1H[1m[34m@                                                                               [21;1H[1;23r[m[1;1H[2M[1;24r[21;1H#       new file:   implementation/lyrebd/vendor/plugins/twitter-auth/spec/twittt[22;1Her_auth/dispatcher/oauth_spec.rb
#       new file:   implementation/lyrebd/vendor/plugins/twitter-auth/spec/twitt[23;1H[1m[34m@                                                                               [21;1H[1;23r[m[1;1H[2M[1;24r[21;1H#       new file:   implementation/lyrebd/vendor/plugins/twitter-auth/spec/twittt[22;1Her_auth/dispatcher/shared_spec.rb
#       new file:   implementation/lyrebd/vendor/plugins/twitter-auth/spec/twitt[23;1H[1m[34m@                                                                               [21;1H[1;23r[m[1;1H[2M[1;24r[21;1H#       new file:   implementation/lyrebd/vendor/plugins/twitter-auth/spec/twittt[22;1Her_auth_spec.rb
#       new file:   implementation/lyrebd/vendor/plugins/twitter-auth/twitter-au[23;1H[1m[34m@                                                                               [21;1H[1;23r[m[1;1H[2M[1;24r[21;1H#       new file:   implementation/lyrebd/vendor/plugins/twitter-auth/twitter-auu[22;1Hth.gemspec
#[21;1H


:wq:w[24;3H[K[24;3H:[24;2H[K[24;2H[23;1H[21;1H[19;1H[17;1H[15;1H[13;1H[11;1H[9;1H[7;1H[5;1H[3;1H[1;1H[1;23r[1;1H[2L[1;24r[1;1H#       new file:   implementation/lyrebd/vendor/plugins/twitter-auth/spec/modell[2;1Hs/twitter_auth/basic_user_spec.rb[23;1H[1m[34m@                                                                               [m[24;1H[K[1;1H[1;23r[1;1H[2L[1;24r[1;1H#       new file:   implementation/lyrebd/vendor/plugins/twitter-auth/spec/fixtuu[2;1Hres/twitter.rb[23;1H[1m[34m@                                                                               [1;1H[1;23r[m[1;1H[2L[1;24r[1;1H#       new file:   implementation/lyrebd/vendor/plugins/twitter-auth/spec/fixtuu[2;1Hres/fakeweb.rb[23;1H[1m[34m@                                                                               [1;1H[1;23r[m[1;1H[2L[1;24r[1;1H#       new file:   implementation/lyrebd/vendor/plugins/twitter-auth/spec/fixtuu[2;1Hres/factories.rb[23;1H[1m[34m@                                                                               [1;1H[1;23r[m[1;1H[2L[1;24r[1;1H#       new file:   implementation/lyrebd/vendor/plugins/twitter-auth/spec/fixtuu[2;1Hres/config/twitter_auth.yml[23;1H[1m[34m@                                                                               [1;1H[1;23r[m[1;1H[2L[1;24r[1;1H#       new file:   implementation/lyrebd/vendor/plugins/twitter-auth/spec/contrr[2;1Hollers/sessions_controller_spec.rb[23;1H[1m[34m@                                                                               [1;1H[1;23r[m[1;1H[2L[1;24r[1;1H#       new file:   implementation/lyrebd/vendor/plugins/twitter-auth/spec/contrr[2;1Hollers/controller_extensions_spec.rb[23;1H[1m[34m@                                                                               [1;1H[1;23r[m[1;1H[2L[1;24r[1;1H#       new file:   implementation/lyrebd/vendor/plugins/twitter-auth/rails/initt[2;1H.rb[23;1H[1m[34m@                                                                               [1;1H[1;23r[m[1;1H[2L[1;24r[1;1H#       new file:   implementation/lyrebd/vendor/plugins/twitter-auth/lib/twittee[2;1Hr_auth/dispatcher/shared.rb[23;1H[1m[34m@                                                                               [1;1H[1;23r[m[1;1H[2L[1;24r[1;1H#       new file:   implementation/lyrebd/vendor/plugins/twitter-auth/lib/twittee[2;1Hr_auth/dispatcher/oauth.rb[23;1H[1m[34m@                                                                               [1;1H[1;23r[m[1;1H[2L[1;24r[1;1H#       new file:   implementation/lyrebd/vendor/plugins/twitter-auth/lib/twittee[2;1Hr_auth/dispatcher/basic.rb[23;1H[1m[34m@                                                                               [1;1H[1;23r[m[1;1H[2L[1;24r[1;1H#       new file:   implementation/lyrebd/vendor/plugins/twitter-auth/lib/twittee[2;1Hr_auth/cryptify.rb[23;1H[1m[34m@                                                                               [1;1H[1;23r[m[1;1H[2L[1;24r[1;1H#       new file:   implementation/lyrebd/vendor/plugins/twitter-auth/lib/twittee[2;1Hr_auth/controller_extensions.rb[23;1H[1m[34m@                                                                               [1;1H[1;23r[m[1;1H[2L[1;24r[1;1H#       new file:   implementation/lyrebd/vendor/plugins/twitter-auth/lib/twittee[2;1Hr_auth.rb[23;1H[1m[34m@                                                                               [1;1H[1;23r[m[1;1H[L[1;24r[1;1H#       new file:   implementation/lyrebd/vendor/plugins/twitter-auth/init.rb[1;23r[1;1H[2L[1;24r[1;1H#       new file:   implementation/lyrebd/vendor/plugins/twitter-auth/generatorss[2;1H/twitter_auth/twitter_auth_generator.rb[1;1H[1;23r[1;1H[2L[1;24r[1;1H#       new file:   implementation/lyrebd/vendor/plugins/twitter-auth/generatorss[2;1H/twitter_auth/templates/user.rb[1;1H[1;23r[1;1H[2L[1;24r[1;1H#       new file:   implementation/lyrebd/vendor/plugins/twitter-auth/generatorss[2;1H/twitter_auth/templates/twitter_auth.yml[1;1H[1;23r[1;1H[2L[1;24r[1;1H#       new file:   implementation/lyrebd/vendor/plugins/twitter-auth/generatorss[2;1H/twitter_auth/templates/migration.rb[1;1H[1;23r[1;1H[2L[1;24r[1;1H#       new file:   implementation/lyrebd/vendor/plugins/twitter-auth/generatorss[2;1H/twitter_auth/USAGE[1;1H[1;23r[1;1H[2L[1;24r[1;1H#       new file:   implementation/lyrebd/vendor/plugins/twitter-auth/config/rouu[2;1Htes.rb[1;1H[1;23r[1;1H[2L[1;24r[1;1H#       new file:   implementation/lyrebd/vendor/plugins/twitter-auth/app/views//[2;1Hsessions/new.html.erb[1;1H[1;23r[1;1H[2L[1;24r[1;1H#       new file:   implementation/lyrebd/vendor/plugins/twitter-auth/app/views//[2;1Hsessions/_login_form.html.erb[1;1H[1;23r[1;1H[2L[1;24r[1;1H#       new file:   implementation/lyrebd/vendor/plugins/twitter-auth/app/modelss[2;1H/twitter_auth/oauth_user.rb[1;1H[1;23r[1;1H[2L[1;24r[1;1H#       new file:   implementation/lyrebd/vendor/plugins/twitter-auth/app/modelss[2;1H/twitter_auth/generic_user.rb[1;1H[1;23r[1;1H[2L[1;24r[1;1H#       new file:   implementation/lyrebd/vendor/plugins/twitter-auth/app/modelss[2;1H/twitter_auth/basic_user.rb[1;1H[1;23r[1;1H[2L[1;24r[1;1H#       new file:   implementation/lyrebd/vendor/plugins/twitter-auth/app/controo[2;1Hllers/sessions_controller.rb[23;1H[1m[34m@                                                                               [1;1H[1;23r[m[1;1H[2L[1;24r[1;1H#       new file:   implementation/lyrebd/vendor/plugins/twitter-auth/VERSION.ymm[2;1Hl[23;1H[1m[34m@                                                                               [1;1H[1;23r[m[1;1H[L[1;24r[1;1H#       new file:   implementation/lyrebd/vendor/plugins/twitter-auth/Rakefile[1;23r[1;1H[2L[1;24r[1;1H#       new file:   implementation/lyrebd/vendor/plugins/twitter-auth/README.marr[2;1Hkdown[1;1H[1;23r[1;1H[2L[1;24r[1;1H#       new file:   implementation/lyrebd/vendor/plugins/twitter-auth/CHANGELOG..[2;1Hmarkdown[1;1H[1;23r[1;1H[L[1;24r[1;1H#       new file:   implementation/lyrebd/vendor/plugins/.gitkeep[23;1H[1m[34m@                                                                               [1;1H[1;23r[m[1;1H[L[1;24r[1;1H#       new file:   implementation/lyrebd/typescript[1;23r[1;1H[2L[1;24r[1;1H#       new file:   implementation/lyrebd/test/unit/helpers/signin_helper_test.rr[2;1Hb[1;1H[1;23r[1;1H[L[1;24r[1;1H#       new file:   implementation/lyrebd/test/test_helper.rb[23;1H[1m[34m@                                                                               [1;1H[1;23r[m[1;1H[L[1;24r[1;1H#       new file:   implementation/lyrebd/test/performance/browsing_test.rb[1;23r[1;1H[2L[1;24r[1;1H#       new file:   implementation/lyrebd/test/functional/signin_controller_testt[2;1H.rb[1;1H[1;23r[1;1H[L[1;24r[1;1H#       new file:   implementation/lyrebd/script/rails[23;1H[1m[34m@                                                                               [1;1H[1;23r[m[1;1H[L[1;24r[1;1H#       new file:   implementation/lyrebd/public/stylesheets/style.css[1;23r[1;1H[L[1;24r[1;1H#       new file:   implementation/lyrebd/public/stylesheets/.gitkeep[23;1H[1m[34m@                                                                               [1;1H[1;23r[m[1;1H[L[1;24r[1;1H#       new file:   implementation/lyrebd/public/robots.txt[1;23r[1;1H[L[1;24r[1;1H#       new file:   implementation/lyrebd/public/javascripts/rails.js[23;1H[1m[34m@                                                                               [1;1H[1;23r[m[1;1H[L[1;24r[1;1H#       new file:   implementation/lyrebd/public/javascripts/prototype.js[1;23r[1;1H[2L[1;24r[1;1H#       new file:   implementation/lyrebd/public/javascripts/jquery.twitter.searr[2;1Hch.js[1;1H[1;23r[1;1H[2L[1;24r[1;1H#       new file:   implementation/lyrebd/public/javascripts/jquery-twitter-plugg[2;1Hin.js[1;1H[1;23r[1;1H[L[1;24r[1;1H#       new file:   implementation/lyrebd/public/javascripts/effects.js[1;23r[1;1H[L[1;24r[1;1H#       new file:   implementation/lyrebd/public/javascripts/dragdrop.js[23;1H[1m[34m@                                                                               [1;1H[1;23r[m[1;1H[L[1;24r[1;1H#       new file:   implementation/lyrebd/public/javascripts/controls.js[1;23r[1;1H[L[1;24r[1;1H#       new file:   implementation/lyrebd/public/javascripts/application.js[23;1H[1m[34m@                                                                               [1;1H[1;23r[m[1;1H[L[1;24r[1;1H#       new file:   implementation/lyrebd/public/index.html[1;23r[1;1H[L[1;24r[1;1H#       new file:   implementation/lyrebd/public/images/rails.png[1;23r[1;1H[L[1;24r[1;1H#       new file:   implementation/lyrebd/public/images/lyrebird-icon.png[1;23r[1;1H[2L[1;24r[1;1H#       renamed:    implementation/lyrebird-bird.png -> implementation/lyrebd/puu[2;1Hblic/images/lyrebird-bg.png[1;1H[1;23r[1;1H[L[1;24r[1;1H#       new file:   implementation/lyrebd/public/favicon.ico[1;23r[1;1H[L[1;24r[1;1H#       new file:   implementation/lyrebd/public/500.html[1;23r[1;1H[L[1;24r[1;1H#       new file:   implementation/lyrebd/public/422.html[23;1H[1m[34m@                                                                               [1;1H[1;23r[m[1;1H[L[1;24r[1;1H#       new file:   implementation/lyrebd/public/404.html[1;23r[1;1H[L[1;24r[1;1H#       new file:   implementation/lyrebd/lib/tasks/.gitkeep[1;23r[1;1H[L[1;24r[1;1H#       new file:   implementation/lyrebd/install[1;23r[1;1H[L[1;24r[1;1H#       new file:   implementation/lyrebd/doc/README_FOR_APP[1;23r[1;1H[L[1;24r[1;1H#       new file:   implementation/lyrebd/db/seeds.rb[1;23r[1;1H[L[1;24r[1;1H#       new file:   implementation/lyrebd/config/routes.rb[1;23r[1;1H[L[1;24r[1;1H#       new file:   implementation/lyrebd/config/locales/en.yml[1;23r[1;1H[L[1;24r[1;1H#       new file:   implementation/lyrebd/config/initializers/session_store.rb[23;1H[1m[34m@                                                                               [1;1H[1;23r[m[1;1H[L[1;24r[1;1H#       new file:   implementation/lyrebd/config/initializers/secret_token.rb[1;23r[1;1H[L[1;24r[1;1H#       new file:   implementation/lyrebd/config/initializers/mime_types.rb[23;1H[1m[34m@                                                                               [1;1H[1;23r[m[1;1H[L[1;24r[1;1H#       new file:   implementation/lyrebd/config/initializers/inflections.rb[1;23r[1;1H[2L[1;24r[1;1H#       new file:   implementation/lyrebd/config/initializers/backtrace_silencerr[2;1Hs.rb[1;1H[1;23r[1;1H[L[1;24r[1;1H#       new file:   implementation/lyrebd/config/environments/test.rb[1;23r[1;1H[L[1;24r[1;1H#       new file:   implementation/lyrebd/config/environments/production.rb[1;23r[1;1H[L[1;24r[1;1H#       new file:   implementation/lyrebd/config/environments/development.rb[1;23r[1;1H[L[1;24r[1;1H#       new file:   implementation/lyrebd/config/environment.rb[1;23r[1;1H[L[1;24r[1;1H#       new file:   implementation/lyrebd/config/database.yml[1;23r[1;1H[L[1;24r[1;1H#       new file:   implementation/lyrebd/config/boot.rb[23;1H[1m[34m@                                                                               [1;1H[1;23r[m[1;1H[L[1;24r[1;1H#       new file:   implementation/lyrebd/config/application.rb[1;23r[1;1H[L[1;24r[1;1H#       new file:   implementation/lyrebd/config.ru[1;23r[1;1H[L[1;24r[1;1H#       new file:   implementation/lyrebd/app/views/signin/index.html.erb[1;23r[1;1H[L[1;24r[1;1H#       new file:   implementation/lyrebd/app/views/layouts/application.html.erb[1;1H[1;23r[1;1H[L[1;24r[1;1H#       new file:   implementation/lyrebd/app/helpers/signin_helper.rb[1;23r[1;1H[L[1;24r[1;1H#       new file:   implementation/lyrebd/app/helpers/application_helper.rb[1;23r[1;1H[L[1;24r[1;1H#       new file:   implementation/lyrebd/app/controllers/signin_controller.rb[1;23r[1;1H[2L[1;24r[1;1H#       new file:   implementation/lyrebd/app/controllers/application_controllerr[2;1H.rb[1;1H[1;23r[1;1H[L[1;24r[1;1H#       new file:   implementation/lyrebd/Rakefile[1;23r[1;1H[L[1;24r[1;1H#       new file:   implementation/lyrebd/README[1;23r[1;1H[L[1;24r[1;1H#       new file:   implementation/lyrebd/Gemfile.lock[1;23r[1;1H[L[1;24r[1;1H#       new file:   implementation/lyrebd/Gemfile[1;23r[1;1H[L[1;24r[1;1H#       new file:   implementation/lyrebd/.gitignore[1;23r[1;1H[L[1;24r[1;1H#[1;23r[1;1H[L[1;24r[1;1H#   (use "git reset HEAD <file>..." to unstage)[23;1H[1m[34m@                                                                               [1;1H[1;23r[m[1;1H[L[1;24r[1;1H# Changes to be committed:[1;23r[1;1H[L[1;24r[1;1H#[1;23r[1;1H[L[1;24r[1;1H# Your branch is ahead of 'origin/master' by 1 commit.[1;23r[1;1H[L[1;24r[1;1H# On branch master[1;23r[1;1H[L[1;24r[1;1H# with '#' will be ignored, and an empty message aborts the commit.[1;23r[1;1H[L[1;24r[1;1H# Please enter the commit message for your changes. Lines starting[1;23r[1;1H[L[1;24r[1;1H
[1;1H[24;1H[1m-- INSERT --[1;1H[2;23r[m[2;1H[L[1;24r[24;1H[1m-- INSERT --[2;1H[1;1H[mBBuuiillt  bbaassiic  ffrroonnt  eennd d.  NNo  OOu[1;28H[K[1;28HOa[1;28H[K[1;28HOAAuutth  oof [1;34H[K[1;34Hor  bbaacckkeennd  ccoodde  iin  ppllaaccee.[24;1H[K[1;57H[24;1H:wq".git/COMMIT_EDITMSG" ".git/COMMIT_EDITMSG" 109L, 7870C written
[?1l>[2J[?47l8[master 200ca1c] Built basic front end. No OAuth or backend code in place.
 94 files changed, 13592 insertions(+), 0 deletions(-)
 create mode 100644 implementation/lyrebd/.gitignore
 create mode 100644 implementation/lyrebd/Gemfile
 create mode 100644 implementation/lyrebd/Gemfile.lock
 create mode 100644 implementation/lyrebd/README
 create mode 100644 implementation/lyrebd/Rakefile
 create mode 100644 implementation/lyrebd/app/controllers/application_controller.rb
 create mode 100644 implementation/lyrebd/app/controllers/signin_controller.rb
 create mode 100644 implementation/lyrebd/app/helpers/application_helper.rb
 create mode 100644 implementation/lyrebd/app/helpers/signin_helper.rb
 create mode 100644 implementation/lyrebd/app/views/layouts/application.html.erb
 create mode 100644 implementation/lyrebd/app/views/signin/index.html.erb
 create mode 100644 implementation/lyrebd/config.ru
 create mode 100644 implementation/lyrebd/config/application.rb
 create mode 100644 implementation/lyrebd/config/boot.rb
 create mode 100644 implementation/lyrebd/config/database.yml
 create mode 100644 implementation/lyrebd/config/environment.rb
 create mode 100644 implementation/lyrebd/config/environments/development.rb
 create mode 100644 implementation/lyrebd/config/environments/production.rb
 create mode 100644 implementation/lyrebd/config/environments/test.rb
 create mode 100644 implementation/lyrebd/config/initializers/backtrace_silencers.rb
 create mode 100644 implementation/lyrebd/config/initializers/inflections.rb
 create mode 100644 implementation/lyrebd/config/initializers/mime_types.rb
 create mode 100644 implementation/lyrebd/config/initializers/secret_token.rb
 create mode 100644 implementation/lyrebd/config/initializers/session_store.rb
 create mode 100644 implementation/lyrebd/config/locales/en.yml
 create mode 100644 implementation/lyrebd/config/routes.rb
 create mode 100644 implementation/lyrebd/db/seeds.rb
 create mode 100644 implementation/lyrebd/doc/README_FOR_APP
 create mode 100644 implementation/lyrebd/install
 create mode 100644 implementation/lyrebd/lib/tasks/.gitkeep
 create mode 100644 implementation/lyrebd/public/404.html
 create mode 100644 implementation/lyrebd/public/422.html
 create mode 100644 implementation/lyrebd/public/500.html
 create mode 100644 implementation/lyrebd/public/favicon.ico
 rename implementation/{lyrebird-bird.png => lyrebd/public/images/lyrebird-bg.png} (100%)
 create mode 100644 implementation/lyrebd/public/images/lyrebird-icon.png
 create mode 100644 implementation/lyrebd/public/images/rails.png
 create mode 100644 implementation/lyrebd/public/index.html
 create mode 100644 implementation/lyrebd/public/javascripts/application.js
 create mode 100644 implementation/lyrebd/public/javascripts/controls.js
 create mode 100644 implementation/lyrebd/public/javascripts/dragdrop.js
 create mode 100644 implementation/lyrebd/public/javascripts/effects.js
 create mode 100644 implementation/lyrebd/public/javascripts/jquery-twitter-plugin.js
 create mode 100644 implementation/lyrebd/public/javascripts/jquery.twitter.search.js
 create mode 100644 implementation/lyrebd/public/javascripts/prototype.js
 create mode 100644 implementation/lyrebd/public/javascripts/rails.js
 create mode 100644 implementation/lyrebd/public/robots.txt
 create mode 100644 implementation/lyrebd/public/stylesheets/.gitkeep
 create mode 100644 implementation/lyrebd/public/stylesheets/style.css
 create mode 100755 implementation/lyrebd/script/rails
 create mode 100644 implementation/lyrebd/test/functional/signin_controller_test.rb
 create mode 100644 implementation/lyrebd/test/performance/browsing_test.rb
 create mode 100644 implementation/lyrebd/test/test_helper.rb
 create mode 100644 implementation/lyrebd/test/unit/helpers/signin_helper_test.rb
 create mode 100644 implementation/lyrebd/typescript
 create mode 100644 implementation/lyrebd/vendor/plugins/.gitkeep
 create mode 100644 implementation/lyrebd/vendor/plugins/twitter-auth/CHANGELOG.markdown
 create mode 100644 implementation/lyrebd/vendor/plugins/twitter-auth/README.markdown
 create mode 100644 implementation/lyrebd/vendor/plugins/twitter-auth/Rakefile
 create mode 100644 implementation/lyrebd/vendor/plugins/twitter-auth/VERSION.yml
 create mode 100644 implementation/lyrebd/vendor/plugins/twitter-auth/app/controllers/sessions_controller.rb
 create mode 100644 implementation/lyrebd/vendor/plugins/twitter-auth/app/models/twitter_auth/basic_user.rb
 create mode 100644 implementation/lyrebd/vendor/plugins/twitter-auth/app/models/twitter_auth/generic_user.rb
 create mode 100644 implementation/lyrebd/vendor/plugins/twitter-auth/app/models/twitter_auth/oauth_user.rb
 create mode 100644 implementation/lyrebd/vendor/plugins/twitter-auth/app/views/sessions/_login_form.html.erb
 create mode 100644 implementation/lyrebd/vendor/plugins/twitter-auth/app/views/sessions/new.html.erb
 create mode 100644 implementation/lyrebd/vendor/plugins/twitter-auth/config/routes.rb
 create mode 100644 implementation/lyrebd/vendor/plugins/twitter-auth/generators/twitter_auth/USAGE
 create mode 100644 implementation/lyrebd/vendor/plugins/twitter-auth/generators/twitter_auth/templates/migration.rb
 create mode 100644 implementation/lyrebd/vendor/plugins/twitter-auth/generators/twitter_auth/templates/twitter_auth.yml
 create mode 100644 implementation/lyrebd/vendor/plugins/twitter-auth/generators/twitter_auth/templates/user.rb
 create mode 100644 implementation/lyrebd/vendor/plugins/twitter-auth/generators/twitter_auth/twitter_auth_generator.rb
 create mode 100644 implementation/lyrebd/vendor/plugins/twitter-auth/init.rb
 create mode 100644 implementation/lyrebd/vendor/plugins/twitter-auth/lib/twitter_auth.rb
 create mode 100644 implementation/lyrebd/vendor/plugins/twitter-auth/lib/twitter_auth/controller_extensions.rb
 create mode 100644 implementation/lyrebd/vendor/plugins/twitter-auth/lib/twitter_auth/cryptify.rb
 create mode 100644 implementation/lyrebd/vendor/plugins/twitter-auth/lib/twitter_auth/dispatcher/basic.rb
 create mode 100644 implementation/lyrebd/vendor/plugins/twitter-auth/lib/twitter_auth/dispatcher/oauth.rb
 create mode 100644 implementation/lyrebd/vendor/plugins/twitter-auth/lib/twitter_auth/dispatcher/shared.rb
 create mode 100644 implementation/lyrebd/vendor/plugins/twitter-auth/rails/init.rb
 create mode 100644 implementation/lyrebd/vendor/plugins/twitter-auth/spec/controllers/controller_extensions_spec.rb
 create mode 100644 implementation/lyrebd/vendor/plugins/twitter-auth/spec/controllers/sessions_controller_spec.rb
 create mode 100644 implementation/lyrebd/vendor/plugins/twitter-auth/spec/fixtures/config/twitter_auth.yml
 create mode 100644 implementation/lyrebd/vendor/plugins/twitter-auth/spec/fixtures/factories.rb
 create mode 100644 implementation/lyrebd/vendor/plugins/twitter-auth/spec/fixtures/fakeweb.rb
 create mode 100644 implementation/lyrebd/vendor/plugins/twitter-auth/spec/fixtures/twitter.rb
 create mode 100644 implementation/lyrebd/vendor/plugins/twitter-auth/spec/models/twitter_auth/basic_user_spec.rb
 create mode 100644 implementation/lyrebd/vendor/plugins/twitter-auth/spec/models/twitter_auth/generic_user_spec.rb
 create mode 100644 implementation/lyrebd/vendor/plugins/twitter-auth/spec/models/twitter_auth/oauth_user_spec.rb
 create mode 100644 implementation/lyrebd/vendor/plugins/twitter-auth/spec/schema.rb
 create mode 100644 implementation/lyrebd/vendor/plugins/twitter-auth/spec/spec.opts
 create mode 100644 implementation/lyrebd/vendor/plugins/twitter-auth/spec/spec_helper.rb
 create mode 100644 implementation/lyrebd/vendor/plugins/twitter-auth/spec/twitter_auth/cryptify_spec.rb
 create mode 100644 implementation/lyrebd/vendor/plugins/twitter-auth/spec/twitter_auth/dispatcher/basic_spec.rb
 create mode 100644 implementation/lyrebd/vendor/plugins/twitter-auth/spec/twitter_auth/dispatcher/oauth_spec.rb
 create mode 100644 implementation/lyrebd/vendor/plugins/twitter-auth/spec/twitter_auth/dispatcher/shared_spec.rb
 create mode 100644 implementation/lyrebd/vendor/plugins/twitter-auth/spec/twitter_auth_spec.rb
 create mode 100644 implementation/lyrebd/vendor/plugins/twitter-auth/twitter-auth.gemspec
bash-3.2$ git push
^[[A
^C
bash-3.2$ git push
^C
bash-3.2$ git push origin master
^C
bash-3.2$ ls
appengine	design		implementation
bash-3.2$ cd implementation/
bash-3.2$ ls
lyrebd
bash-3.2$ cd lyrebd/
bash-3.2$ l[Kls
Gemfile		app		doc		public		typescript
Gemfile.lock	config		install		script		vendor
README		config.ru	lib		test
Rakefile	db		log		tmp
bash-3.2$ cd app
bash-3.2$ gen
gen_bridge_metadata  gencat               genstrings
bash-3.2$ gen
gen_bridge_metadata  gencat               genstrings
bash-3.2$ gen[K[K[Kls
controllers	helpers		mailers		models		views
bash-3.2$ ls controllers/
application_controller.rb	signin_controller.rb
bash-3.2$ ls helpers/
application_helper.rb	signin_helper.rb
bash-3.2$ ls helpers/controllers/[Kcd app[4Plscd lyrebd/ls[Kcd implementation/[C[C[C[C[C[C[C[C[C[Cls[Kgit push origin master[Kcommitadd -u .[K[1P.ls[Kcd ..[3Plscd ..git commitadd -u[1P.ls models/[4hc[4lat[C[C[C[C[C[C[C[Cls[Krails generate scaffold member twitter_id:integer name:string token:strring secret:string profile_image:string
bash-3.2$ rails
Usage: rails COMMAND [ARGS]

The most common rails commands are:
 generate    Generate new code (short-cut alias: "g")
 console     Start the Rails console (short-cut alias: "c")
 server      Start the Rails server (short-cut alias: "s")
 dbconsole   Start a console for the database specified in config/database.yml
             (short-cut alias: "db")
 new         Create a new Rails application. "rails new my_app" creates a
             new application called MyApp in "./my_app"

In addition to those, there are:
 application  Generate the Rails application code
 destroy      Undo code generated with "generate"
 benchmarker  See how fast a piece of code runs
 profiler     Get profile information from a piece of code
 plugin       Install a plugin
 runner       Run a piece of code in the application environment

All commands can be run with -h for more information.
bash-3.2$ rails g
bash-3.2$ ri[K[Ka[Kra[K[Kgem update
Updating installed gems
Updating RedCloth
Fetching: RedCloth-4.2.7.gemFetching: RedCloth-4.2.7.gem (  1%)Fetching: RedCloth-4.2.7.gem (  2%)Fetching: RedCloth-4.2.7.gem (  3%)Fetching: RedCloth-4.2.7.gem (  4%)Fetching: RedCloth-4.2.7.gem (  5%)Fetching: RedCloth-4.2.7.gem (  6%)Fetching: RedCloth-4.2.7.gem (  7%)Fetching: RedCloth-4.2.7.gem (  8%)Fetching: RedCloth-4.2.7.gem (  9%)Fetching: RedCloth-4.2.7.gem ( 10%)Fetching: RedCloth-4.2.7.gem ( 11%)Fetching: RedCloth-4.2.7.gem ( 12%)Fetching: RedCloth-4.2.7.gem ( 13%)Fetching: RedCloth-4.2.7.gem ( 14%)Fetching: RedCloth-4.2.7.gem ( 15%)Fetching: RedCloth-4.2.7.gem ( 16%)Fetching: RedCloth-4.2.7.gem ( 17%)Fetching: RedCloth-4.2.7.gem ( 18%)Fetching: RedCloth-4.2.7.gem ( 19%)Fetching: RedCloth-4.2.7.gem ( 20%)Fetching: RedCloth-4.2.7.gem ( 21%)Fetching: RedCloth-4.2.7.gem ( 22%)Fetching: RedCloth-4.2.7.gem ( 23%)Fetching: RedCloth-4.2.7.gem ( 24%)Fetching: RedCloth-4.2.7.gem ( 25%)Fetching: RedCloth-4.2.7.gem ( 26%)Fetching: RedCloth-4.2.7.gem ( 27%)Fetching: RedCloth-4.2.7.gem ( 28%)Fetching: RedCloth-4.2.7.gem ( 29%)Fetching: RedCloth-4.2.7.gem ( 30%)Fetching: RedCloth-4.2.7.gem ( 31%)Fetching: RedCloth-4.2.7.gem ( 32%)Fetching: RedCloth-4.2.7.gem ( 33%)Fetching: RedCloth-4.2.7.gem ( 35%)Fetching: RedCloth-4.2.7.gem ( 37%)Fetching: RedCloth-4.2.7.gem ( 39%)Fetching: RedCloth-4.2.7.gem ( 41%)Fetching: RedCloth-4.2.7.gem ( 42%)Fetching: RedCloth-4.2.7.gem ( 43%)Fetching: RedCloth-4.2.7.gem ( 44%)Fetching: RedCloth-4.2.7.gem ( 45%)Fetching: RedCloth-4.2.7.gem ( 46%)Fetching: RedCloth-4.2.7.gem ( 47%)Fetching: RedCloth-4.2.7.gem ( 48%)Fetching: RedCloth-4.2.7.gem ( 49%)Fetching: RedCloth-4.2.7.gem ( 50%)Fetching: RedCloth-4.2.7.gem ( 51%)Fetching: RedCloth-4.2.7.gem ( 52%)Fetching: RedCloth-4.2.7.gem ( 53%)Fetching: RedCloth-4.2.7.gem ( 54%)Fetching: RedCloth-4.2.7.gem ( 55%)Fetching: RedCloth-4.2.7.gem ( 56%)Fetching: RedCloth-4.2.7.gem ( 57%)Fetching: RedCloth-4.2.7.gem ( 58%)Fetching: RedCloth-4.2.7.gem ( 59%)Fetching: RedCloth-4.2.7.gem ( 60%)Fetching: RedCloth-4.2.7.gem ( 61%)Fetching: RedCloth-4.2.7.gem ( 62%)Fetching: RedCloth-4.2.7.gem ( 63%)Fetching: RedCloth-4.2.7.gem ( 64%)Fetching: RedCloth-4.2.7.gem ( 65%)Fetching: RedCloth-4.2.7.gem ( 66%)Fetching: RedCloth-4.2.7.gem ( 67%)Fetching: RedCloth-4.2.7.gem ( 68%)Fetching: RedCloth-4.2.7.gem ( 69%)Fetching: RedCloth-4.2.7.gem ( 70%)Fetching: RedCloth-4.2.7.gem ( 71%)Fetching: RedCloth-4.2.7.gem ( 72%)Fetching: RedCloth-4.2.7.gem ( 73%)Fetching: RedCloth-4.2.7.gem ( 74%)Fetching: RedCloth-4.2.7.gem ( 75%)Fetching: RedCloth-4.2.7.gem ( 76%)Fetching: RedCloth-4.2.7.gem ( 77%)Fetching: RedCloth-4.2.7.gem ( 78%)Fetching: RedCloth-4.2.7.gem ( 79%)Fetching: RedCloth-4.2.7.gem ( 81%)Fetching: RedCloth-4.2.7.gem ( 83%)Fetching: RedCloth-4.2.7.gem ( 85%)Fetching: RedCloth-4.2.7.gem ( 87%)Fetching: RedCloth-4.2.7.gem ( 88%)Fetching: RedCloth-4.2.7.gem ( 89%)Fetching: RedCloth-4.2.7.gem ( 90%)Fetching: RedCloth-4.2.7.gem ( 91%)Fetching: RedCloth-4.2.7.gem ( 92%)Fetching: RedCloth-4.2.7.gem ( 93%)Fetching: RedCloth-4.2.7.gem ( 94%)Fetching: RedCloth-4.2.7.gem ( 95%)Fetching: RedCloth-4.2.7.gem ( 96%)Fetching: RedCloth-4.2.7.gem ( 97%)Fetching: RedCloth-4.2.7.gem ( 98%)Fetching: RedCloth-4.2.7.gem ( 99%)Fetching: RedCloth-4.2.7.gem (100%)Fetching: RedCloth-4.2.7.gem (100%)
ERROR:  While executing gem ... (Gem::FilePermissionError)
    You don't have write permissions into the /usr/bin directory.
bash-3.2$ sudo gem update
Password:
Updating installed gems
Updating RedCloth
Building native extensions.  This could take a while...
Successfully installed RedCloth-4.2.7
Updating actionmailer
Fetching: activesupport-3.0.6.gemFetching: activesupport-3.0.6.gem (  1%)Fetching: activesupport-3.0.6.gem (  2%)Fetching: activesupport-3.0.6.gem (  3%)Fetching: activesupport-3.0.6.gem (  4%)Fetching: activesupport-3.0.6.gem (  5%)Fetching: activesupport-3.0.6.gem (  6%)Fetching: activesupport-3.0.6.gem (  7%)Fetching: activesupport-3.0.6.gem (  8%)Fetching: activesupport-3.0.6.gem (  9%)Fetching: activesupport-3.0.6.gem ( 10%)Fetching: activesupport-3.0.6.gem ( 11%)Fetching: activesupport-3.0.6.gem ( 12%)Fetching: activesupport-3.0.6.gem ( 13%)Fetching: activesupport-3.0.6.gem ( 14%)Fetching: activesupport-3.0.6.gem ( 15%)Fetching: activesupport-3.0.6.gem ( 16%)Fetching: activesupport-3.0.6.gem ( 17%)Fetching: activesupport-3.0.6.gem ( 18%)Fetching: activesupport-3.0.6.gem ( 19%)Fetching: activesupport-3.0.6.gem ( 20%)Fetching: activesupport-3.0.6.gem ( 21%)Fetching: activesupport-3.0.6.gem ( 22%)Fetching: activesupport-3.0.6.gem ( 23%)Fetching: activesupport-3.0.6.gem ( 24%)Fetching: activesupport-3.0.6.gem ( 25%)Fetching: activesupport-3.0.6.gem ( 30%)Fetching: activesupport-3.0.6.gem ( 36%)Fetching: activesupport-3.0.6.gem ( 41%)Fetching: activesupport-3.0.6.gem ( 47%)Fetching: activesupport-3.0.6.gem ( 52%)Fetching: activesupport-3.0.6.gem ( 57%)Fetching: activesupport-3.0.6.gem ( 63%)Fetching: activesupport-3.0.6.gem ( 68%)Fetching: activesupport-3.0.6.gem ( 74%)Fetching: activesupport-3.0.6.gem ( 79%)Fetching: activesupport-3.0.6.gem ( 84%)Fetching: activesupport-3.0.6.gem ( 90%)Fetching: activesupport-3.0.6.gem ( 95%)Fetching: activesupport-3.0.6.gem (100%)Fetching: activesupport-3.0.6.gem (100%)
Fetching: activemodel-3.0.6.gemFetching: activemodel-3.0.6.gem (  3%)Fetching: activemodel-3.0.6.gem ( 10%)Fetching: activemodel-3.0.6.gem ( 14%)Fetching: activemodel-3.0.6.gem ( 18%)Fetching: activemodel-3.0.6.gem ( 21%)Fetching: activemodel-3.0.6.gem ( 25%)Fetching: activemodel-3.0.6.gem ( 29%)Fetching: activemodel-3.0.6.gem ( 33%)Fetching: activemodel-3.0.6.gem ( 36%)Fetching: activemodel-3.0.6.gem ( 40%)Fetching: activemodel-3.0.6.gem ( 44%)Fetching: activemodel-3.0.6.gem ( 48%)Fetching: activemodel-3.0.6.gem ( 52%)Fetching: activemodel-3.0.6.gem ( 55%)Fetching: activemodel-3.0.6.gem ( 59%)Fetching: activemodel-3.0.6.gem ( 63%)Fetching: activemodel-3.0.6.gem ( 67%)Fetching: activemodel-3.0.6.gem ( 70%)Fetching: activemodel-3.0.6.gem ( 74%)Fetching: activemodel-3.0.6.gem ( 78%)Fetching: activemodel-3.0.6.gem ( 82%)Fetching: activemodel-3.0.6.gem ( 85%)Fetching: activemodel-3.0.6.gem ( 89%)Fetching: activemodel-3.0.6.gem ( 93%)Fetching: activemodel-3.0.6.gem ( 97%)Fetching: activemodel-3.0.6.gem (100%)Fetching: activemodel-3.0.6.gem (100%)
Fetching: rack-mount-0.6.14.gemFetching: rack-mount-0.6.14.gem (  3%)Fetching: rack-mount-0.6.14.gem ( 22%)Fetching: rack-mount-0.6.14.gem ( 27%)Fetching: rack-mount-0.6.14.gem ( 32%)Fetching: rack-mount-0.6.14.gem ( 37%)Fetching: rack-mount-0.6.14.gem ( 41%)Fetching: rack-mount-0.6.14.gem ( 46%)Fetching: rack-mount-0.6.14.gem ( 51%)Fetching: rack-mount-0.6.14.gem ( 56%)Fetching: rack-mount-0.6.14.gem ( 61%)Fetching: rack-mount-0.6.14.gem ( 65%)Fetching: rack-mount-0.6.14.gem ( 70%)Fetching: rack-mount-0.6.14.gem ( 75%)Fetching: rack-mount-0.6.14.gem ( 80%)Fetching: rack-mount-0.6.14.gem ( 85%)Fetching: rack-mount-0.6.14.gem ( 94%)Fetching: rack-mount-0.6.14.gem ( 99%)Fetching: rack-mount-0.6.14.gem (100%)Fetching: rack-mount-0.6.14.gem (100%)
Fetching: actionpack-3.0.6.gemFetching: actionpack-3.0.6.gem (  1%)Fetching: actionpack-3.0.6.gem (  2%)Fetching: actionpack-3.0.6.gem (  3%)Fetching: actionpack-3.0.6.gem (  4%)Fetching: actionpack-3.0.6.gem (  5%)Fetching: actionpack-3.0.6.gem (  6%)Fetching: actionpack-3.0.6.gem (  7%)Fetching: actionpack-3.0.6.gem (  8%)Fetching: actionpack-3.0.6.gem (  9%)Fetching: actionpack-3.0.6.gem ( 10%)Fetching: actionpack-3.0.6.gem ( 11%)Fetching: actionpack-3.0.6.gem ( 12%)Fetching: actionpack-3.0.6.gem ( 13%)Fetching: actionpack-3.0.6.gem ( 14%)Fetching: actionpack-3.0.6.gem ( 15%)Fetching: actionpack-3.0.6.gem ( 16%)Fetching: actionpack-3.0.6.gem ( 19%)Fetching: actionpack-3.0.6.gem ( 20%)Fetching: actionpack-3.0.6.gem ( 21%)Fetching: actionpack-3.0.6.gem ( 22%)Fetching: actionpack-3.0.6.gem ( 23%)Fetching: actionpack-3.0.6.gem ( 24%)Fetching: actionpack-3.0.6.gem ( 25%)Fetching: actionpack-3.0.6.gem ( 26%)Fetching: actionpack-3.0.6.gem ( 27%)Fetching: actionpack-3.0.6.gem ( 28%)Fetching: actionpack-3.0.6.gem ( 29%)Fetching: actionpack-3.0.6.gem ( 32%)Fetching: actionpack-3.0.6.gem ( 36%)Fetching: actionpack-3.0.6.gem ( 39%)Fetching: actionpack-3.0.6.gem ( 41%)Fetching: actionpack-3.0.6.gem ( 43%)Fetching: actionpack-3.0.6.gem ( 44%)Fetching: actionpack-3.0.6.gem ( 45%)Fetching: actionpack-3.0.6.gem ( 46%)Fetching: actionpack-3.0.6.gem ( 47%)Fetching: actionpack-3.0.6.gem ( 48%)Fetching: actionpack-3.0.6.gem ( 49%)Fetching: actionpack-3.0.6.gem ( 50%)Fetching: actionpack-3.0.6.gem ( 51%)Fetching: actionpack-3.0.6.gem ( 52%)Fetching: actionpack-3.0.6.gem ( 53%)Fetching: actionpack-3.0.6.gem ( 54%)Fetching: actionpack-3.0.6.gem ( 55%)Fetching: actionpack-3.0.6.gem ( 56%)Fetching: actionpack-3.0.6.gem ( 57%)Fetching: actionpack-3.0.6.gem ( 58%)Fetching: actionpack-3.0.6.gem ( 59%)Fetching: actionpack-3.0.6.gem ( 60%)Fetching: actionpack-3.0.6.gem ( 61%)Fetching: actionpack-3.0.6.gem ( 62%)Fetching: actionpack-3.0.6.gem ( 63%)Fetching: actionpack-3.0.6.gem ( 64%)Fetching: actionpack-3.0.6.gem ( 65%)Fetching: actionpack-3.0.6.gem ( 66%)Fetching: actionpack-3.0.6.gem ( 67%)Fetching: actionpack-3.0.6.gem ( 68%)Fetching: actionpack-3.0.6.gem ( 69%)Fetching: actionpack-3.0.6.gem ( 71%)Fetching: actionpack-3.0.6.gem ( 72%)Fetching: actionpack-3.0.6.gem ( 73%)Fetching: actionpack-3.0.6.gem ( 74%)Fetching: actionpack-3.0.6.gem ( 75%)Fetching: actionpack-3.0.6.gem ( 76%)Fetching: actionpack-3.0.6.gem ( 79%)Fetching: actionpack-3.0.6.gem ( 82%)Fetching: actionpack-3.0.6.gem ( 84%)Fetching: actionpack-3.0.6.gem ( 87%)Fetching: actionpack-3.0.6.gem ( 90%)Fetching: actionpack-3.0.6.gem ( 94%)Fetching: actionpack-3.0.6.gem ( 97%)Fetching: actionpack-3.0.6.gem (100%)Fetching: actionpack-3.0.6.gem (100%)
Fetching: actionmailer-3.0.6.gemFetching: actionmailer-3.0.6.gem (  3%)Fetching: actionmailer-3.0.6.gem ( 12%)Fetching: actionmailer-3.0.6.gem ( 17%)Fetching: actionmailer-3.0.6.gem ( 22%)Fetching: actionmailer-3.0.6.gem ( 27%)Fetching: actionmailer-3.0.6.gem ( 31%)Fetching: actionmailer-3.0.6.gem ( 36%)Fetching: actionmailer-3.0.6.gem ( 41%)Fetching: actionmailer-3.0.6.gem ( 45%)Fetching: actionmailer-3.0.6.gem ( 50%)Fetching: actionmailer-3.0.6.gem ( 55%)Fetching: actionmailer-3.0.6.gem ( 60%)Fetching: actionmailer-3.0.6.gem ( 64%)Fetching: actionmailer-3.0.6.gem ( 69%)Fetching: actionmailer-3.0.6.gem ( 74%)Fetching: actionmailer-3.0.6.gem ( 78%)Fetching: actionmailer-3.0.6.gem ( 83%)Fetching: actionmailer-3.0.6.gem ( 88%)Fetching: actionmailer-3.0.6.gem ( 93%)Fetching: actionmailer-3.0.6.gem ( 97%)Fetching: actionmailer-3.0.6.gem (100%)Fetching: actionmailer-3.0.6.gem (100%)
Successfully installed activesupport-3.0.6
Successfully installed activemodel-3.0.6
Successfully installed rack-mount-0.6.14
Successfully installed actionpack-3.0.6
Successfully installed actionmailer-3.0.6
Updating activerecord
Fetching: activerecord-3.0.6.gemFetching: activerecord-3.0.6.gem (  1%)Fetching: activerecord-3.0.6.gem (  2%)Fetching: activerecord-3.0.6.gem (  3%)Fetching: activerecord-3.0.6.gem (  4%)Fetching: activerecord-3.0.6.gem (  5%)Fetching: activerecord-3.0.6.gem (  6%)Fetching: activerecord-3.0.6.gem (  7%)Fetching: activerecord-3.0.6.gem (  8%)Fetching: activerecord-3.0.6.gem (  9%)Fetching: activerecord-3.0.6.gem ( 10%)Fetching: activerecord-3.0.6.gem ( 11%)Fetching: activerecord-3.0.6.gem ( 12%)Fetching: activerecord-3.0.6.gem ( 13%)Fetching: activerecord-3.0.6.gem ( 14%)Fetching: activerecord-3.0.6.gem ( 15%)Fetching: activerecord-3.0.6.gem ( 16%)Fetching: activerecord-3.0.6.gem ( 17%)Fetching: activerecord-3.0.6.gem ( 18%)Fetching: activerecord-3.0.6.gem ( 19%)Fetching: activerecord-3.0.6.gem ( 20%)Fetching: activerecord-3.0.6.gem ( 21%)Fetching: activerecord-3.0.6.gem ( 22%)Fetching: activerecord-3.0.6.gem ( 23%)Fetching: activerecord-3.0.6.gem ( 24%)Fetching: activerecord-3.0.6.gem ( 25%)Fetching: activerecord-3.0.6.gem ( 26%)Fetching: activerecord-3.0.6.gem ( 27%)Fetching: activerecord-3.0.6.gem ( 28%)Fetching: activerecord-3.0.6.gem ( 29%)Fetching: activerecord-3.0.6.gem ( 30%)Fetching: activerecord-3.0.6.gem ( 31%)Fetching: activerecord-3.0.6.gem ( 32%)Fetching: activerecord-3.0.6.gem ( 33%)Fetching: activerecord-3.0.6.gem ( 34%)Fetching: activerecord-3.0.6.gem ( 36%)Fetching: activerecord-3.0.6.gem ( 37%)Fetching: activerecord-3.0.6.gem ( 42%)Fetching: activerecord-3.0.6.gem ( 47%)Fetching: activerecord-3.0.6.gem ( 52%)Fetching: activerecord-3.0.6.gem ( 57%)Fetching: activerecord-3.0.6.gem ( 61%)Fetching: activerecord-3.0.6.gem ( 66%)Fetching: activerecord-3.0.6.gem ( 71%)Fetching: activerecord-3.0.6.gem ( 76%)Fetching: activerecord-3.0.6.gem ( 80%)Fetching: activerecord-3.0.6.gem ( 85%)Fetching: activerecord-3.0.6.gem ( 90%)Fetching: activerecord-3.0.6.gem ( 95%)Fetching: activerecord-3.0.6.gem (100%)Fetching: activerecord-3.0.6.gem (100%)
Successfully installed activerecord-3.0.6
Updating activeresource
Fetching: activeresource-3.0.6.gemFetching: activeresource-3.0.6.gem (  3%)Fetching: activeresource-3.0.6.gem ( 11%)Fetching: activeresource-3.0.6.gem ( 15%)Fetching: activeresource-3.0.6.gem ( 19%)Fetching: activeresource-3.0.6.gem ( 24%)Fetching: activeresource-3.0.6.gem ( 28%)Fetching: activeresource-3.0.6.gem ( 32%)Fetching: activeresource-3.0.6.gem ( 36%)Fetching: activeresource-3.0.6.gem ( 40%)Fetching: activeresource-3.0.6.gem ( 44%)Fetching: activeresource-3.0.6.gem ( 48%)Fetching: activeresource-3.0.6.gem ( 53%)Fetching: activeresource-3.0.6.gem ( 57%)Fetching: activeresource-3.0.6.gem ( 61%)Fetching: activeresource-3.0.6.gem ( 65%)Fetching: activeresource-3.0.6.gem ( 69%)Fetching: activeresource-3.0.6.gem ( 73%)Fetching: activeresource-3.0.6.gem ( 78%)Fetching: activeresource-3.0.6.gem ( 82%)Fetching: activeresource-3.0.6.gem ( 86%)Fetching: activeresource-3.0.6.gem ( 90%)Fetching: activeresource-3.0.6.gem ( 94%)Fetching: activeresource-3.0.6.gem ( 98%)Fetching: activeresource-3.0.6.gem (100%)Fetching: activeresource-3.0.6.gem (100%)
Successfully installed activeresource-3.0.6
Updating acts_as_ferret
Fetching: jk-ferret-0.11.8.3.gemFetching: jk-ferret-0.11.8.3.gem (  1%)Fetching: jk-ferret-0.11.8.3.gem (  2%)Fetching: jk-ferret-0.11.8.3.gem (  3%)Fetching: jk-ferret-0.11.8.3.gem (  4%)Fetching: jk-ferret-0.11.8.3.gem (  5%)Fetching: jk-ferret-0.11.8.3.gem (  8%)Fetching: jk-ferret-0.11.8.3.gem ( 10%)Fetching: jk-ferret-0.11.8.3.gem ( 13%)Fetching: jk-ferret-0.11.8.3.gem ( 15%)Fetching: jk-ferret-0.11.8.3.gem ( 18%)Fetching: jk-ferret-0.11.8.3.gem ( 21%)Fetching: jk-ferret-0.11.8.3.gem ( 23%)Fetching: jk-ferret-0.11.8.3.gem ( 26%)Fetching: jk-ferret-0.11.8.3.gem ( 28%)Fetching: jk-ferret-0.11.8.3.gem ( 31%)Fetching: jk-ferret-0.11.8.3.gem ( 34%)Fetching: jk-ferret-0.11.8.3.gem ( 35%)Fetching: jk-ferret-0.11.8.3.gem ( 36%)Fetching: jk-ferret-0.11.8.3.gem ( 37%)Fetching: jk-ferret-0.11.8.3.gem ( 38%)Fetching: jk-ferret-0.11.8.3.gem ( 39%)Fetching: jk-ferret-0.11.8.3.gem ( 40%)Fetching: jk-ferret-0.11.8.3.gem ( 41%)Fetching: jk-ferret-0.11.8.3.gem ( 42%)Fetching: jk-ferret-0.11.8.3.gem ( 43%)Fetching: jk-ferret-0.11.8.3.gem ( 44%)Fetching: jk-ferret-0.11.8.3.gem ( 45%)Fetching: jk-ferret-0.11.8.3.gem ( 46%)Fetching: jk-ferret-0.11.8.3.gem ( 47%)Fetching: jk-ferret-0.11.8.3.gem ( 48%)Fetching: jk-ferret-0.11.8.3.gem ( 49%)Fetching: jk-ferret-0.11.8.3.gem ( 50%)Fetching: jk-ferret-0.11.8.3.gem ( 51%)Fetching: jk-ferret-0.11.8.3.gem ( 52%)Fetching: jk-ferret-0.11.8.3.gem ( 53%)Fetching: jk-ferret-0.11.8.3.gem ( 54%)Fetching: jk-ferret-0.11.8.3.gem ( 55%)Fetching: jk-ferret-0.11.8.3.gem ( 56%)Fetching: jk-ferret-0.11.8.3.gem ( 57%)Fetching: jk-ferret-0.11.8.3.gem ( 58%)Fetching: jk-ferret-0.11.8.3.gem ( 59%)Fetching: jk-ferret-0.11.8.3.gem ( 60%)Fetching: jk-ferret-0.11.8.3.gem ( 61%)Fetching: jk-ferret-0.11.8.3.gem ( 62%)Fetching: jk-ferret-0.11.8.3.gem ( 63%)Fetching: jk-ferret-0.11.8.3.gem ( 64%)Fetching: jk-ferret-0.11.8.3.gem ( 65%)Fetching: jk-ferret-0.11.8.3.gem ( 66%)Fetching: jk-ferret-0.11.8.3.gem ( 67%)Fetching: jk-ferret-0.11.8.3.gem ( 68%)Fetching: jk-ferret-0.11.8.3.gem ( 69%)Fetching: jk-ferret-0.11.8.3.gem ( 70%)Fetching: jk-ferret-0.11.8.3.gem ( 71%)Fetching: jk-ferret-0.11.8.3.gem ( 72%)Fetching: jk-ferret-0.11.8.3.gem ( 73%)Fetching: jk-ferret-0.11.8.3.gem ( 74%)Fetching: jk-ferret-0.11.8.3.gem ( 75%)Fetching: jk-ferret-0.11.8.3.gem ( 76%)Fetching: jk-ferret-0.11.8.3.gem ( 77%)Fetching: jk-ferret-0.11.8.3.gem ( 78%)Fetching: jk-ferret-0.11.8.3.gem ( 79%)Fetching: jk-ferret-0.11.8.3.gem ( 80%)Fetching: jk-ferret-0.11.8.3.gem ( 81%)Fetching: jk-ferret-0.11.8.3.gem ( 82%)Fetching: jk-ferret-0.11.8.3.gem ( 83%)Fetching: jk-ferret-0.11.8.3.gem ( 84%)Fetching: jk-ferret-0.11.8.3.gem ( 85%)Fetching: jk-ferret-0.11.8.3.gem ( 86%)Fetching: jk-ferret-0.11.8.3.gem ( 87%)Fetching: jk-ferret-0.11.8.3.gem ( 88%)Fetching: jk-ferret-0.11.8.3.gem ( 89%)Fetching: jk-ferret-0.11.8.3.gem ( 91%)Fetching: jk-ferret-0.11.8.3.gem ( 94%)Fetching: jk-ferret-0.11.8.3.gem ( 96%)Fetching: jk-ferret-0.11.8.3.gem ( 97%)Fetching: jk-ferret-0.11.8.3.gem ( 98%)Fetching: jk-ferret-0.11.8.3.gem ( 99%)Fetching: jk-ferret-0.11.8.3.gem (100%)Fetching: jk-ferret-0.11.8.3.gem (100%)
Building native extensions.  This could take a while...
Fetching: acts_as_ferret-0.5.2.gemFetching: acts_as_ferret-0.5.2.gem (  1%)Fetching: acts_as_ferret-0.5.2.gem (  5%)Fetching: acts_as_ferret-0.5.2.gem (  6%)Fetching: acts_as_ferret-0.5.2.gem ( 10%)Fetching: acts_as_ferret-0.5.2.gem ( 11%)Fetching: acts_as_ferret-0.5.2.gem ( 13%)Fetching: acts_as_ferret-0.5.2.gem ( 14%)Fetching: acts_as_ferret-0.5.2.gem ( 16%)Fetching: acts_as_ferret-0.5.2.gem ( 18%)Fetching: acts_as_ferret-0.5.2.gem ( 19%)Fetching: acts_as_ferret-0.5.2.gem ( 21%)Fetching: acts_as_ferret-0.5.2.gem ( 23%)Fetching: acts_as_ferret-0.5.2.gem ( 24%)Fetching: acts_as_ferret-0.5.2.gem ( 26%)Fetching: acts_as_ferret-0.5.2.gem ( 28%)Fetching: acts_as_ferret-0.5.2.gem ( 29%)Fetching: acts_as_ferret-0.5.2.gem ( 31%)Fetching: acts_as_ferret-0.5.2.gem ( 33%)Fetching: acts_as_ferret-0.5.2.gem ( 34%)Fetching: acts_as_ferret-0.5.2.gem ( 36%)Fetching: acts_as_ferret-0.5.2.gem ( 37%)Fetching: acts_as_ferret-0.5.2.gem ( 39%)Fetching: acts_as_ferret-0.5.2.gem ( 41%)Fetching: acts_as_ferret-0.5.2.gem ( 42%)Fetching: acts_as_ferret-0.5.2.gem ( 44%)Fetching: acts_as_ferret-0.5.2.gem ( 46%)Fetching: acts_as_ferret-0.5.2.gem ( 47%)Fetching: acts_as_ferret-0.5.2.gem ( 49%)Fetching: acts_as_ferret-0.5.2.gem ( 51%)Fetching: acts_as_ferret-0.5.2.gem ( 52%)Fetching: acts_as_ferret-0.5.2.gem ( 54%)Fetching: acts_as_ferret-0.5.2.gem ( 56%)Fetching: acts_as_ferret-0.5.2.gem ( 57%)Fetching: acts_as_ferret-0.5.2.gem ( 59%)Fetching: acts_as_ferret-0.5.2.gem ( 61%)Fetching: acts_as_ferret-0.5.2.gem ( 62%)Fetching: acts_as_ferret-0.5.2.gem ( 64%)Fetching: acts_as_ferret-0.5.2.gem ( 65%)Fetching: acts_as_ferret-0.5.2.gem ( 67%)Fetching: acts_as_ferret-0.5.2.gem ( 69%)Fetching: acts_as_ferret-0.5.2.gem ( 70%)Fetching: acts_as_ferret-0.5.2.gem ( 74%)Fetching: acts_as_ferret-0.5.2.gem ( 75%)Fetching: acts_as_ferret-0.5.2.gem ( 77%)Fetching: acts_as_ferret-0.5.2.gem ( 79%)Fetching: acts_as_ferret-0.5.2.gem ( 80%)Fetching: acts_as_ferret-0.5.2.gem ( 87%)Fetching: acts_as_ferret-0.5.2.gem ( 93%)Fetching: acts_as_ferret-0.5.2.gem (100%)Fetching: acts_as_ferret-0.5.2.gem (100%)
Fetching: railties-3.0.6.gemFetching: railties-3.0.6.gem (  1%)Fetching: railties-3.0.6.gem (  2%)Fetching: railties-3.0.6.gem (  3%)Fetching: railties-3.0.6.gem (  4%)Fetching: railties-3.0.6.gem (  5%)Fetching: railties-3.0.6.gem (  6%)Fetching: railties-3.0.6.gem (  7%)Fetching: railties-3.0.6.gem (  8%)Fetching: railties-3.0.6.gem (  9%)Fetching: railties-3.0.6.gem ( 10%)Fetching: railties-3.0.6.gem ( 11%)Fetching: railties-3.0.6.gem ( 12%)Fetching: railties-3.0.6.gem ( 13%)Fetching: railties-3.0.6.gem ( 14%)Fetching: railties-3.0.6.gem ( 15%)Fetching: railties-3.0.6.gem ( 16%)Fetching: railties-3.0.6.gem ( 17%)Fetching: railties-3.0.6.gem ( 18%)Fetching: railties-3.0.6.gem ( 19%)Fetching: railties-3.0.6.gem ( 20%)Fetching: railties-3.0.6.gem ( 21%)Fetching: railties-3.0.6.gem ( 22%)Fetching: railties-3.0.6.gem ( 23%)Fetching: railties-3.0.6.gem ( 24%)Fetching: railties-3.0.6.gem ( 25%)Fetching: railties-3.0.6.gem ( 26%)Fetching: railties-3.0.6.gem ( 27%)Fetching: railties-3.0.6.gem ( 28%)Fetching: railties-3.0.6.gem ( 29%)Fetching: railties-3.0.6.gem ( 30%)Fetching: railties-3.0.6.gem ( 31%)Fetching: railties-3.0.6.gem ( 32%)Fetching: railties-3.0.6.gem ( 33%)Fetching: railties-3.0.6.gem ( 34%)Fetching: railties-3.0.6.gem ( 35%)Fetching: railties-3.0.6.gem ( 36%)Fetching: railties-3.0.6.gem ( 37%)Fetching: railties-3.0.6.gem ( 38%)Fetching: railties-3.0.6.gem ( 39%)Fetching: railties-3.0.6.gem ( 40%)Fetching: railties-3.0.6.gem ( 41%)Fetching: railties-3.0.6.gem ( 42%)Fetching: railties-3.0.6.gem ( 43%)Fetching: railties-3.0.6.gem ( 44%)Fetching: railties-3.0.6.gem ( 45%)Fetching: railties-3.0.6.gem ( 46%)Fetching: railties-3.0.6.gem ( 47%)Fetching: railties-3.0.6.gem ( 48%)Fetching: railties-3.0.6.gem ( 49%)Fetching: railties-3.0.6.gem ( 50%)Fetching: railties-3.0.6.gem ( 51%)Fetching: railties-3.0.6.gem ( 52%)Fetching: railties-3.0.6.gem ( 53%)Fetching: railties-3.0.6.gem ( 54%)Fetching: railties-3.0.6.gem ( 55%)Fetching: railties-3.0.6.gem ( 56%)Fetching: railties-3.0.6.gem ( 57%)Fetching: railties-3.0.6.gem ( 58%)Fetching: railties-3.0.6.gem ( 59%)Fetching: railties-3.0.6.gem ( 60%)Fetching: railties-3.0.6.gem ( 61%)Fetching: railties-3.0.6.gem ( 62%)Fetching: railties-3.0.6.gem ( 63%)Fetching: railties-3.0.6.gem ( 64%)Fetching: railties-3.0.6.gem ( 65%)Fetching: railties-3.0.6.gem ( 66%)Fetching: railties-3.0.6.gem ( 68%)Fetching: railties-3.0.6.gem ( 70%)Fetching: railties-3.0.6.gem ( 71%)Fetching: railties-3.0.6.gem ( 72%)Fetching: railties-3.0.6.gem ( 73%)Fetching: railties-3.0.6.gem ( 74%)Fetching: railties-3.0.6.gem ( 75%)Fetching: railties-3.0.6.gem ( 76%)Fetching: railties-3.0.6.gem ( 77%)Fetching: railties-3.0.6.gem ( 78%)Fetching: railties-3.0.6.gem ( 79%)Fetching: railties-3.0.6.gem ( 80%)Fetching: railties-3.0.6.gem ( 81%)Fetching: railties-3.0.6.gem ( 82%)Fetching: railties-3.0.6.gem ( 83%)Fetching: railties-3.0.6.gem ( 84%)Fetching: railties-3.0.6.gem ( 85%)Fetching: railties-3.0.6.gem ( 86%)Fetching: railties-3.0.6.gem ( 87%)Fetching: railties-3.0.6.gem ( 89%)Fetching: railties-3.0.6.gem ( 90%)Fetching: railties-3.0.6.gem ( 91%)Fetching: railties-3.0.6.gem ( 92%)Fetching: railties-3.0.6.gem ( 93%)Fetching: railties-3.0.6.gem ( 94%)Fetching: railties-3.0.6.gem ( 95%)Fetching: railties-3.0.6.gem ( 96%)Fetching: railties-3.0.6.gem ( 97%)Fetching: railties-3.0.6.gem ( 98%)Fetching: railties-3.0.6.gem ( 99%)Fetching: railties-3.0.6.gem (100%)Fetching: railties-3.0.6.gem (100%)
Successfully installed jk-ferret-0.11.8.3
Successfully installed acts_as_ferret-0.5.2
Successfully installed railties-3.0.6
Updating arel
Fetching: arel-2.0.9.gemFetching: arel-2.0.9.gem (  3%)Fetching: arel-2.0.9.gem ( 10%)Fetching: arel-2.0.9.gem ( 14%)Fetching: arel-2.0.9.gem ( 18%)Fetching: arel-2.0.9.gem ( 22%)Fetching: arel-2.0.9.gem ( 26%)Fetching: arel-2.0.9.gem ( 30%)Fetching: arel-2.0.9.gem ( 34%)Fetching: arel-2.0.9.gem ( 38%)Fetching: arel-2.0.9.gem ( 42%)Fetching: arel-2.0.9.gem ( 46%)Fetching: arel-2.0.9.gem ( 50%)Fetching: arel-2.0.9.gem ( 54%)Fetching: arel-2.0.9.gem ( 58%)Fetching: arel-2.0.9.gem ( 62%)Fetching: arel-2.0.9.gem ( 65%)Fetching: arel-2.0.9.gem ( 69%)Fetching: arel-2.0.9.gem ( 73%)Fetching: arel-2.0.9.gem ( 81%)Fetching: arel-2.0.9.gem ( 85%)Fetching: arel-2.0.9.gem ( 89%)Fetching: arel-2.0.9.gem ( 93%)Fetching: arel-2.0.9.gem ( 97%)Fetching: arel-2.0.9.gem (100%)Fetching: arel-2.0.9.gem (100%)
Successfully installed arel-2.0.9
Updating builder
Fetching: builder-3.0.0.gemFetching: builder-3.0.0.gem (  1%)Fetching: builder-3.0.0.gem (  2%)Fetching: builder-3.0.0.gem (  3%)Fetching: builder-3.0.0.gem (  4%)Fetching: builder-3.0.0.gem (  5%)Fetching: builder-3.0.0.gem (  6%)Fetching: builder-3.0.0.gem (  7%)Fetching: builder-3.0.0.gem (  8%)Fetching: builder-3.0.0.gem (  9%)Fetching: builder-3.0.0.gem ( 10%)Fetching: builder-3.0.0.gem ( 11%)Fetching: builder-3.0.0.gem ( 12%)Fetching: builder-3.0.0.gem ( 13%)Fetching: builder-3.0.0.gem ( 14%)Fetching: builder-3.0.0.gem ( 15%)Fetching: builder-3.0.0.gem ( 16%)Fetching: builder-3.0.0.gem ( 17%)Fetching: builder-3.0.0.gem ( 18%)Fetching: builder-3.0.0.gem ( 19%)Fetching: builder-3.0.0.gem ( 20%)Fetching: builder-3.0.0.gem ( 21%)Fetching: builder-3.0.0.gem ( 22%)Fetching: builder-3.0.0.gem ( 23%)Fetching: builder-3.0.0.gem ( 24%)Fetching: builder-3.0.0.gem ( 25%)Fetching: builder-3.0.0.gem ( 26%)Fetching: builder-3.0.0.gem ( 27%)Fetching: builder-3.0.0.gem ( 28%)Fetching: builder-3.0.0.gem ( 29%)Fetching: builder-3.0.0.gem ( 32%)Fetching: builder-3.0.0.gem ( 34%)Fetching: builder-3.0.0.gem ( 37%)Fetching: builder-3.0.0.gem ( 40%)Fetching: builder-3.0.0.gem ( 42%)Fetching: builder-3.0.0.gem ( 45%)Fetching: builder-3.0.0.gem ( 48%)Fetching: builder-3.0.0.gem ( 50%)Fetching: builder-3.0.0.gem ( 53%)Fetching: builder-3.0.0.gem ( 56%)Fetching: builder-3.0.0.gem ( 58%)Fetching: builder-3.0.0.gem ( 61%)Fetching: builder-3.0.0.gem ( 64%)Fetching: builder-3.0.0.gem ( 67%)Fetching: builder-3.0.0.gem ( 69%)Fetching: builder-3.0.0.gem ( 72%)Fetching: builder-3.0.0.gem ( 75%)Fetching: builder-3.0.0.gem ( 77%)Fetching: builder-3.0.0.gem ( 80%)Fetching: builder-3.0.0.gem ( 83%)Fetching: builder-3.0.0.gem ( 85%)Fetching: builder-3.0.0.gem ( 88%)Fetching: builder-3.0.0.gem ( 91%)Fetching: builder-3.0.0.gem ( 93%)Fetching: builder-3.0.0.gem ( 96%)Fetching: builder-3.0.0.gem ( 99%)Fetching: builder-3.0.0.gem (100%)Fetching: builder-3.0.0.gem (100%)
Successfully installed builder-3.0.0
Updating bundler
Fetching: bundler-1.0.12.gemFetching: bundler-1.0.12.gem (  1%)Fetching: bundler-1.0.12.gem (  2%)Fetching: bundler-1.0.12.gem (  3%)Fetching: bundler-1.0.12.gem (  4%)Fetching: bundler-1.0.12.gem (  5%)Fetching: bundler-1.0.12.gem (  6%)Fetching: bundler-1.0.12.gem (  7%)Fetching: bundler-1.0.12.gem (  8%)Fetching: bundler-1.0.12.gem (  9%)Fetching: bundler-1.0.12.gem ( 10%)Fetching: bundler-1.0.12.gem ( 11%)Fetching: bundler-1.0.12.gem ( 12%)Fetching: bundler-1.0.12.gem ( 13%)Fetching: bundler-1.0.12.gem ( 14%)Fetching: bundler-1.0.12.gem ( 15%)Fetching: bundler-1.0.12.gem ( 16%)Fetching: bundler-1.0.12.gem ( 17%)Fetching: bundler-1.0.12.gem ( 18%)Fetching: bundler-1.0.12.gem ( 19%)Fetching: bundler-1.0.12.gem ( 20%)Fetching: bundler-1.0.12.gem ( 21%)Fetching: bundler-1.0.12.gem ( 22%)Fetching: bundler-1.0.12.gem ( 23%)Fetching: bundler-1.0.12.gem ( 24%)Fetching: bundler-1.0.12.gem ( 25%)Fetching: bundler-1.0.12.gem ( 26%)Fetching: bundler-1.0.12.gem ( 27%)Fetching: bundler-1.0.12.gem ( 28%)Fetching: bundler-1.0.12.gem ( 29%)Fetching: bundler-1.0.12.gem ( 30%)Fetching: bundler-1.0.12.gem ( 31%)Fetching: bundler-1.0.12.gem ( 32%)Fetching: bundler-1.0.12.gem ( 33%)Fetching: bundler-1.0.12.gem ( 34%)Fetching: bundler-1.0.12.gem ( 35%)Fetching: bundler-1.0.12.gem ( 36%)Fetching: bundler-1.0.12.gem ( 37%)Fetching: bundler-1.0.12.gem ( 38%)Fetching: bundler-1.0.12.gem ( 39%)Fetching: bundler-1.0.12.gem ( 40%)Fetching: bundler-1.0.12.gem ( 41%)Fetching: bundler-1.0.12.gem ( 42%)Fetching: bundler-1.0.12.gem ( 43%)Fetching: bundler-1.0.12.gem ( 44%)Fetching: bundler-1.0.12.gem ( 45%)Fetching: bundler-1.0.12.gem ( 46%)Fetching: bundler-1.0.12.gem ( 47%)Fetching: bundler-1.0.12.gem ( 48%)Fetching: bundler-1.0.12.gem ( 49%)Fetching: bundler-1.0.12.gem ( 50%)Fetching: bundler-1.0.12.gem ( 51%)Fetching: bundler-1.0.12.gem ( 52%)Fetching: bundler-1.0.12.gem ( 53%)Fetching: bundler-1.0.12.gem ( 54%)Fetching: bundler-1.0.12.gem ( 55%)Fetching: bundler-1.0.12.gem ( 56%)Fetching: bundler-1.0.12.gem ( 57%)Fetching: bundler-1.0.12.gem ( 58%)Fetching: bundler-1.0.12.gem ( 59%)Fetching: bundler-1.0.12.gem ( 60%)Fetching: bundler-1.0.12.gem ( 61%)Fetching: bundler-1.0.12.gem ( 62%)Fetching: bundler-1.0.12.gem ( 63%)Fetching: bundler-1.0.12.gem ( 64%)Fetching: bundler-1.0.12.gem ( 65%)Fetching: bundler-1.0.12.gem ( 66%)Fetching: bundler-1.0.12.gem ( 67%)Fetching: bundler-1.0.12.gem ( 68%)Fetching: bundler-1.0.12.gem ( 69%)Fetching: bundler-1.0.12.gem ( 70%)Fetching: bundler-1.0.12.gem ( 71%)Fetching: bundler-1.0.12.gem ( 72%)Fetching: bundler-1.0.12.gem ( 73%)Fetching: bundler-1.0.12.gem ( 74%)Fetching: bundler-1.0.12.gem ( 75%)Fetching: bundler-1.0.12.gem ( 76%)Fetching: bundler-1.0.12.gem ( 77%)Fetching: bundler-1.0.12.gem ( 78%)Fetching: bundler-1.0.12.gem ( 79%)Fetching: bundler-1.0.12.gem ( 80%)Fetching: bundler-1.0.12.gem ( 81%)Fetching: bundler-1.0.12.gem ( 82%)Fetching: bundler-1.0.12.gem ( 83%)Fetching: bundler-1.0.12.gem ( 84%)Fetching: bundler-1.0.12.gem ( 85%)Fetching: bundler-1.0.12.gem ( 86%)Fetching: bundler-1.0.12.gem ( 87%)Fetching: bundler-1.0.12.gem ( 88%)Fetching: bundler-1.0.12.gem ( 89%)Fetching: bundler-1.0.12.gem ( 90%)Fetching: bundler-1.0.12.gem ( 91%)Fetching: bundler-1.0.12.gem ( 92%)Fetching: bundler-1.0.12.gem ( 93%)Fetching: bundler-1.0.12.gem ( 94%)Fetching: bundler-1.0.12.gem ( 95%)Fetching: bundler-1.0.12.gem ( 96%)Fetching: bundler-1.0.12.gem ( 97%)Fetching: bundler-1.0.12.gem ( 98%)Fetching: bundler-1.0.12.gem ( 99%)Fetching: bundler-1.0.12.gem (100%)Fetching: bundler-1.0.12.gem (100%)
Successfully installed bundler-1.0.12
Updating capistrano
Fetching: capistrano-2.5.21.gemFetching: capistrano-2.5.21.gem (  1%)Fetching: capistrano-2.5.21.gem (  4%)Fetching: capistrano-2.5.21.gem (  5%)Fetching: capistrano-2.5.21.gem (  6%)Fetching: capistrano-2.5.21.gem (  8%)Fetching: capistrano-2.5.21.gem (  9%)Fetching: capistrano-2.5.21.gem ( 10%)Fetching: capistrano-2.5.21.gem ( 11%)Fetching: capistrano-2.5.21.gem ( 13%)Fetching: capistrano-2.5.21.gem ( 14%)Fetching: capistrano-2.5.21.gem ( 15%)Fetching: capistrano-2.5.21.gem ( 16%)Fetching: capistrano-2.5.21.gem ( 18%)Fetching: capistrano-2.5.21.gem ( 19%)Fetching: capistrano-2.5.21.gem ( 20%)Fetching: capistrano-2.5.21.gem ( 22%)Fetching: capistrano-2.5.21.gem ( 23%)Fetching: capistrano-2.5.21.gem ( 24%)Fetching: capistrano-2.5.21.gem ( 25%)Fetching: capistrano-2.5.21.gem ( 27%)Fetching: capistrano-2.5.21.gem ( 28%)Fetching: capistrano-2.5.21.gem ( 29%)Fetching: capistrano-2.5.21.gem ( 30%)Fetching: capistrano-2.5.21.gem ( 32%)Fetching: capistrano-2.5.21.gem ( 33%)Fetching: capistrano-2.5.21.gem ( 34%)Fetching: capistrano-2.5.21.gem ( 36%)Fetching: capistrano-2.5.21.gem ( 37%)Fetching: capistrano-2.5.21.gem ( 38%)Fetching: capistrano-2.5.21.gem ( 39%)Fetching: capistrano-2.5.21.gem ( 41%)Fetching: capistrano-2.5.21.gem ( 42%)Fetching: capistrano-2.5.21.gem ( 43%)Fetching: capistrano-2.5.21.gem ( 45%)Fetching: capistrano-2.5.21.gem ( 46%)Fetching: capistrano-2.5.21.gem ( 47%)Fetching: capistrano-2.5.21.gem ( 48%)Fetching: capistrano-2.5.21.gem ( 50%)Fetching: capistrano-2.5.21.gem ( 51%)Fetching: capistrano-2.5.21.gem ( 52%)Fetching: capistrano-2.5.21.gem ( 53%)Fetching: capistrano-2.5.21.gem ( 55%)Fetching: capistrano-2.5.21.gem ( 56%)Fetching: capistrano-2.5.21.gem ( 57%)Fetching: capistrano-2.5.21.gem ( 59%)Fetching: capistrano-2.5.21.gem ( 60%)Fetching: capistrano-2.5.21.gem ( 61%)Fetching: capistrano-2.5.21.gem ( 62%)Fetching: capistrano-2.5.21.gem ( 64%)Fetching: capistrano-2.5.21.gem ( 65%)Fetching: capistrano-2.5.21.gem ( 66%)Fetching: capistrano-2.5.21.gem ( 67%)Fetching: capistrano-2.5.21.gem ( 69%)Fetching: capistrano-2.5.21.gem ( 70%)Fetching: capistrano-2.5.21.gem ( 71%)Fetching: capistrano-2.5.21.gem ( 73%)Fetching: capistrano-2.5.21.gem ( 74%)Fetching: capistrano-2.5.21.gem ( 88%)Fetching: capistrano-2.5.21.gem (100%)Fetching: capistrano-2.5.21.gem (100%)
Successfully installed capistrano-2.5.21
Updating daemons
Fetching: daemons-1.1.2.gemFetching: daemons-1.1.2.gem (  3%)Fetching: daemons-1.1.2.gem ( 16%)Fetching: daemons-1.1.2.gem ( 20%)Fetching: daemons-1.1.2.gem ( 25%)Fetching: daemons-1.1.2.gem ( 29%)Fetching: daemons-1.1.2.gem ( 33%)Fetching: daemons-1.1.2.gem ( 38%)Fetching: daemons-1.1.2.gem ( 42%)Fetching: daemons-1.1.2.gem ( 46%)Fetching: daemons-1.1.2.gem ( 51%)Fetching: daemons-1.1.2.gem ( 55%)Fetching: daemons-1.1.2.gem ( 59%)Fetching: daemons-1.1.2.gem ( 64%)Fetching: daemons-1.1.2.gem ( 68%)Fetching: daemons-1.1.2.gem ( 72%)Fetching: daemons-1.1.2.gem ( 77%)Fetching: daemons-1.1.2.gem ( 81%)Fetching: daemons-1.1.2.gem ( 86%)Fetching: daemons-1.1.2.gem ( 90%)Fetching: daemons-1.1.2.gem ( 94%)Fetching: daemons-1.1.2.gem ( 99%)Fetching: daemons-1.1.2.gem (100%)Fetching: daemons-1.1.2.gem (100%)
Successfully installed daemons-1.1.2
Updating dnssd
Fetching: dnssd-2.0.gemFetching: dnssd-2.0.gem (  3%)Fetching: dnssd-2.0.gem ( 12%)Fetching: dnssd-2.0.gem ( 17%)Fetching: dnssd-2.0.gem ( 35%)Fetching: dnssd-2.0.gem ( 39%)Fetching: dnssd-2.0.gem ( 44%)Fetching: dnssd-2.0.gem ( 62%)Fetching: dnssd-2.0.gem ( 89%)Fetching: dnssd-2.0.gem ( 93%)Fetching: dnssd-2.0.gem ( 97%)Fetching: dnssd-2.0.gem (100%)Fetching: dnssd-2.0.gem (100%)
Building native extensions.  This could take a while...
Successfully installed dnssd-2.0
Updating erubis
Fetching: erubis-2.7.0.gemFetching: erubis-2.7.0.gem (  1%)Fetching: erubis-2.7.0.gem (  3%)Fetching: erubis-2.7.0.gem (  4%)Fetching: erubis-2.7.0.gem (  5%)Fetching: erubis-2.7.0.gem (  6%)Fetching: erubis-2.7.0.gem (  7%)Fetching: erubis-2.7.0.gem (  8%)Fetching: erubis-2.7.0.gem (  9%)Fetching: erubis-2.7.0.gem ( 10%)Fetching: erubis-2.7.0.gem ( 11%)Fetching: erubis-2.7.0.gem ( 12%)Fetching: erubis-2.7.0.gem ( 13%)Fetching: erubis-2.7.0.gem ( 14%)Fetching: erubis-2.7.0.gem ( 17%)Fetching: erubis-2.7.0.gem ( 19%)Fetching: erubis-2.7.0.gem ( 23%)Fetching: erubis-2.7.0.gem ( 26%)Fetching: erubis-2.7.0.gem ( 27%)Fetching: erubis-2.7.0.gem ( 28%)Fetching: erubis-2.7.0.gem ( 29%)Fetching: erubis-2.7.0.gem ( 30%)Fetching: erubis-2.7.0.gem ( 31%)Fetching: erubis-2.7.0.gem ( 32%)Fetching: erubis-2.7.0.gem ( 33%)Fetching: erubis-2.7.0.gem ( 34%)Fetching: erubis-2.7.0.gem ( 35%)Fetching: erubis-2.7.0.gem ( 36%)Fetching: erubis-2.7.0.gem ( 37%)Fetching: erubis-2.7.0.gem ( 38%)Fetching: erubis-2.7.0.gem ( 39%)Fetching: erubis-2.7.0.gem ( 40%)Fetching: erubis-2.7.0.gem ( 41%)Fetching: erubis-2.7.0.gem ( 42%)Fetching: erubis-2.7.0.gem ( 47%)Fetching: erubis-2.7.0.gem ( 48%)Fetching: erubis-2.7.0.gem ( 49%)Fetching: erubis-2.7.0.gem ( 50%)Fetching: erubis-2.7.0.gem ( 51%)Fetching: erubis-2.7.0.gem ( 52%)Fetching: erubis-2.7.0.gem ( 53%)Fetching: erubis-2.7.0.gem ( 54%)Fetching: erubis-2.7.0.gem ( 55%)Fetching: erubis-2.7.0.gem ( 56%)Fetching: erubis-2.7.0.gem ( 57%)Fetching: erubis-2.7.0.gem ( 58%)Fetching: erubis-2.7.0.gem ( 59%)Fetching: erubis-2.7.0.gem ( 60%)Fetching: erubis-2.7.0.gem ( 61%)Fetching: erubis-2.7.0.gem ( 62%)Fetching: erubis-2.7.0.gem ( 63%)Fetching: erubis-2.7.0.gem ( 64%)Fetching: erubis-2.7.0.gem ( 65%)Fetching: erubis-2.7.0.gem ( 66%)Fetching: erubis-2.7.0.gem ( 67%)Fetching: erubis-2.7.0.gem ( 68%)Fetching: erubis-2.7.0.gem ( 69%)Fetching: erubis-2.7.0.gem ( 70%)Fetching: erubis-2.7.0.gem ( 71%)Fetching: erubis-2.7.0.gem ( 72%)Fetching: erubis-2.7.0.gem ( 73%)Fetching: erubis-2.7.0.gem ( 74%)Fetching: erubis-2.7.0.gem ( 75%)Fetching: erubis-2.7.0.gem ( 76%)Fetching: erubis-2.7.0.gem ( 77%)Fetching: erubis-2.7.0.gem ( 78%)Fetching: erubis-2.7.0.gem ( 79%)Fetching: erubis-2.7.0.gem ( 80%)Fetching: erubis-2.7.0.gem ( 81%)Fetching: erubis-2.7.0.gem ( 82%)Fetching: erubis-2.7.0.gem ( 83%)Fetching: erubis-2.7.0.gem ( 84%)Fetching: erubis-2.7.0.gem ( 85%)Fetching: erubis-2.7.0.gem ( 86%)Fetching: erubis-2.7.0.gem ( 87%)Fetching: erubis-2.7.0.gem ( 88%)Fetching: erubis-2.7.0.gem ( 89%)Fetching: erubis-2.7.0.gem ( 90%)Fetching: erubis-2.7.0.gem ( 91%)Fetching: erubis-2.7.0.gem ( 92%)Fetching: erubis-2.7.0.gem ( 93%)Fetching: erubis-2.7.0.gem ( 94%)Fetching: erubis-2.7.0.gem ( 95%)Fetching: erubis-2.7.0.gem ( 96%)Fetching: erubis-2.7.0.gem ( 97%)Fetching: erubis-2.7.0.gem ( 98%)Fetching: erubis-2.7.0.gem ( 99%)Fetching: erubis-2.7.0.gem (100%)Fetching: erubis-2.7.0.gem (100%)
Successfully installed erubis-2.7.0
Updating fastthread
Fetching: fastthread-1.0.7.gemFetching: fastthread-1.0.7.gem (  4%)Fetching: fastthread-1.0.7.gem ( 18%)Fetching: fastthread-1.0.7.gem ( 24%)Fetching: fastthread-1.0.7.gem ( 31%)Fetching: fastthread-1.0.7.gem ( 38%)Fetching: fastthread-1.0.7.gem ( 45%)Fetching: fastthread-1.0.7.gem ( 51%)Fetching: fastthread-1.0.7.gem ( 58%)Fetching: fastthread-1.0.7.gem ( 65%)Fetching: fastthread-1.0.7.gem ( 72%)Fetching: fastthread-1.0.7.gem ( 78%)Fetching: fastthread-1.0.7.gem ( 85%)Fetching: fastthread-1.0.7.gem ( 92%)Fetching: fastthread-1.0.7.gem ( 98%)Fetching: fastthread-1.0.7.gem (100%)Fetching: fastthread-1.0.7.gem (100%)
Building native extensions.  This could take a while...
Successfully installed fastthread-1.0.7
Updating fcgi
Fetching: fcgi-0.8.8.gemFetching: fcgi-0.8.8.gem (  6%)Fetching: fcgi-0.8.8.gem ( 28%)Fetching: fcgi-0.8.8.gem ( 39%)Fetching: fcgi-0.8.8.gem ( 49%)Fetching: fcgi-0.8.8.gem ( 60%)Fetching: fcgi-0.8.8.gem ( 71%)Fetching: fcgi-0.8.8.gem ( 82%)Fetching: fcgi-0.8.8.gem ( 93%)Fetching: fcgi-0.8.8.gem (100%)Fetching: fcgi-0.8.8.gem (100%)
Building native extensions.  This could take a while...
Successfully installed fcgi-0.8.8
Updating hpricot
Fetching: hpricot-0.8.4.gemFetching: hpricot-0.8.4.gem (  1%)Fetching: hpricot-0.8.4.gem (  2%)Fetching: hpricot-0.8.4.gem (  3%)Fetching: hpricot-0.8.4.gem (  4%)Fetching: hpricot-0.8.4.gem (  5%)Fetching: hpricot-0.8.4.gem (  6%)Fetching: hpricot-0.8.4.gem (  7%)Fetching: hpricot-0.8.4.gem (  8%)Fetching: hpricot-0.8.4.gem (  9%)Fetching: hpricot-0.8.4.gem ( 10%)Fetching: hpricot-0.8.4.gem ( 11%)Fetching: hpricot-0.8.4.gem ( 12%)Fetching: hpricot-0.8.4.gem ( 13%)Fetching: hpricot-0.8.4.gem ( 14%)Fetching: hpricot-0.8.4.gem ( 15%)Fetching: hpricot-0.8.4.gem ( 16%)Fetching: hpricot-0.8.4.gem ( 17%)Fetching: hpricot-0.8.4.gem ( 18%)Fetching: hpricot-0.8.4.gem ( 19%)Fetching: hpricot-0.8.4.gem ( 20%)Fetching: hpricot-0.8.4.gem ( 21%)Fetching: hpricot-0.8.4.gem ( 22%)Fetching: hpricot-0.8.4.gem ( 23%)Fetching: hpricot-0.8.4.gem ( 24%)Fetching: hpricot-0.8.4.gem ( 25%)Fetching: hpricot-0.8.4.gem ( 26%)Fetching: hpricot-0.8.4.gem ( 27%)Fetching: hpricot-0.8.4.gem ( 28%)Fetching: hpricot-0.8.4.gem ( 29%)Fetching: hpricot-0.8.4.gem ( 30%)Fetching: hpricot-0.8.4.gem ( 31%)Fetching: hpricot-0.8.4.gem ( 32%)Fetching: hpricot-0.8.4.gem ( 33%)Fetching: hpricot-0.8.4.gem ( 34%)Fetching: hpricot-0.8.4.gem ( 35%)Fetching: hpricot-0.8.4.gem ( 36%)Fetching: hpricot-0.8.4.gem ( 37%)Fetching: hpricot-0.8.4.gem ( 38%)Fetching: hpricot-0.8.4.gem ( 39%)Fetching: hpricot-0.8.4.gem ( 40%)Fetching: hpricot-0.8.4.gem ( 41%)Fetching: hpricot-0.8.4.gem ( 42%)Fetching: hpricot-0.8.4.gem ( 43%)Fetching: hpricot-0.8.4.gem ( 44%)Fetching: hpricot-0.8.4.gem ( 45%)Fetching: hpricot-0.8.4.gem ( 46%)Fetching: hpricot-0.8.4.gem ( 47%)Fetching: hpricot-0.8.4.gem ( 48%)Fetching: hpricot-0.8.4.gem ( 49%)Fetching: hpricot-0.8.4.gem ( 50%)Fetching: hpricot-0.8.4.gem ( 53%)Fetching: hpricot-0.8.4.gem ( 54%)Fetching: hpricot-0.8.4.gem ( 55%)Fetching: hpricot-0.8.4.gem ( 56%)Fetching: hpricot-0.8.4.gem ( 57%)Fetching: hpricot-0.8.4.gem ( 58%)Fetching: hpricot-0.8.4.gem ( 59%)Fetching: hpricot-0.8.4.gem ( 60%)Fetching: hpricot-0.8.4.gem ( 61%)Fetching: hpricot-0.8.4.gem ( 62%)Fetching: hpricot-0.8.4.gem ( 63%)Fetching: hpricot-0.8.4.gem ( 64%)Fetching: hpricot-0.8.4.gem ( 65%)Fetching: hpricot-0.8.4.gem ( 66%)Fetching: hpricot-0.8.4.gem ( 67%)Fetching: hpricot-0.8.4.gem ( 68%)Fetching: hpricot-0.8.4.gem ( 69%)Fetching: hpricot-0.8.4.gem ( 70%)Fetching: hpricot-0.8.4.gem ( 71%)Fetching: hpricot-0.8.4.gem ( 72%)Fetching: hpricot-0.8.4.gem ( 73%)Fetching: hpricot-0.8.4.gem ( 74%)Fetching: hpricot-0.8.4.gem ( 75%)Fetching: hpricot-0.8.4.gem ( 76%)Fetching: hpricot-0.8.4.gem ( 77%)Fetching: hpricot-0.8.4.gem ( 78%)Fetching: hpricot-0.8.4.gem ( 79%)Fetching: hpricot-0.8.4.gem ( 80%)Fetching: hpricot-0.8.4.gem ( 81%)Fetching: hpricot-0.8.4.gem ( 82%)Fetching: hpricot-0.8.4.gem ( 83%)Fetching: hpricot-0.8.4.gem ( 84%)Fetching: hpricot-0.8.4.gem ( 85%)Fetching: hpricot-0.8.4.gem ( 87%)Fetching: hpricot-0.8.4.gem ( 88%)Fetching: hpricot-0.8.4.gem ( 89%)Fetching: hpricot-0.8.4.gem ( 93%)Fetching: hpricot-0.8.4.gem ( 95%)Fetching: hpricot-0.8.4.gem ( 96%)Fetching: hpricot-0.8.4.gem (100%)Fetching: hpricot-0.8.4.gem (100%)
Building native extensions.  This could take a while...
Successfully installed hpricot-0.8.4
Updating net-ssh
Fetching: net-ssh-2.1.4.gemFetching: net-ssh-2.1.4.gem (  1%)Fetching: net-ssh-2.1.4.gem (  3%)Fetching: net-ssh-2.1.4.gem (  4%)Fetching: net-ssh-2.1.4.gem (  5%)Fetching: net-ssh-2.1.4.gem (  7%)Fetching: net-ssh-2.1.4.gem (  8%)Fetching: net-ssh-2.1.4.gem (  9%)Fetching: net-ssh-2.1.4.gem ( 10%)Fetching: net-ssh-2.1.4.gem ( 11%)Fetching: net-ssh-2.1.4.gem ( 12%)Fetching: net-ssh-2.1.4.gem ( 14%)Fetching: net-ssh-2.1.4.gem ( 15%)Fetching: net-ssh-2.1.4.gem ( 16%)Fetching: net-ssh-2.1.4.gem ( 18%)Fetching: net-ssh-2.1.4.gem ( 19%)Fetching: net-ssh-2.1.4.gem ( 20%)Fetching: net-ssh-2.1.4.gem ( 21%)Fetching: net-ssh-2.1.4.gem ( 22%)Fetching: net-ssh-2.1.4.gem ( 23%)Fetching: net-ssh-2.1.4.gem ( 24%)Fetching: net-ssh-2.1.4.gem ( 25%)Fetching: net-ssh-2.1.4.gem ( 26%)Fetching: net-ssh-2.1.4.gem ( 27%)Fetching: net-ssh-2.1.4.gem ( 28%)Fetching: net-ssh-2.1.4.gem ( 30%)Fetching: net-ssh-2.1.4.gem ( 32%)Fetching: net-ssh-2.1.4.gem ( 33%)Fetching: net-ssh-2.1.4.gem ( 34%)Fetching: net-ssh-2.1.4.gem ( 35%)Fetching: net-ssh-2.1.4.gem ( 36%)Fetching: net-ssh-2.1.4.gem ( 37%)Fetching: net-ssh-2.1.4.gem ( 38%)Fetching: net-ssh-2.1.4.gem ( 39%)Fetching: net-ssh-2.1.4.gem ( 41%)Fetching: net-ssh-2.1.4.gem ( 42%)Fetching: net-ssh-2.1.4.gem ( 43%)Fetching: net-ssh-2.1.4.gem ( 44%)Fetching: net-ssh-2.1.4.gem ( 45%)Fetching: net-ssh-2.1.4.gem ( 46%)Fetching: net-ssh-2.1.4.gem ( 47%)Fetching: net-ssh-2.1.4.gem ( 48%)Fetching: net-ssh-2.1.4.gem ( 49%)Fetching: net-ssh-2.1.4.gem ( 52%)Fetching: net-ssh-2.1.4.gem ( 54%)Fetching: net-ssh-2.1.4.gem ( 55%)Fetching: net-ssh-2.1.4.gem ( 56%)Fetching: net-ssh-2.1.4.gem ( 57%)Fetching: net-ssh-2.1.4.gem ( 58%)Fetching: net-ssh-2.1.4.gem ( 59%)Fetching: net-ssh-2.1.4.gem ( 60%)Fetching: net-ssh-2.1.4.gem ( 61%)Fetching: net-ssh-2.1.4.gem ( 62%)Fetching: net-ssh-2.1.4.gem ( 64%)Fetching: net-ssh-2.1.4.gem ( 65%)Fetching: net-ssh-2.1.4.gem ( 66%)Fetching: net-ssh-2.1.4.gem ( 67%)Fetching: net-ssh-2.1.4.gem ( 68%)Fetching: net-ssh-2.1.4.gem ( 69%)Fetching: net-ssh-2.1.4.gem ( 70%)Fetching: net-ssh-2.1.4.gem ( 71%)Fetching: net-ssh-2.1.4.gem ( 72%)Fetching: net-ssh-2.1.4.gem ( 73%)Fetching: net-ssh-2.1.4.gem ( 75%)Fetching: net-ssh-2.1.4.gem ( 76%)Fetching: net-ssh-2.1.4.gem ( 77%)Fetching: net-ssh-2.1.4.gem ( 78%)Fetching: net-ssh-2.1.4.gem ( 79%)Fetching: net-ssh-2.1.4.gem ( 80%)Fetching: net-ssh-2.1.4.gem ( 81%)Fetching: net-ssh-2.1.4.gem ( 82%)Fetching: net-ssh-2.1.4.gem ( 83%)Fetching: net-ssh-2.1.4.gem ( 84%)Fetching: net-ssh-2.1.4.gem ( 85%)Fetching: net-ssh-2.1.4.gem ( 87%)Fetching: net-ssh-2.1.4.gem ( 88%)Fetching: net-ssh-2.1.4.gem ( 89%)Fetching: net-ssh-2.1.4.gem ( 90%)Fetching: net-ssh-2.1.4.gem ( 91%)Fetching: net-ssh-2.1.4.gem ( 92%)Fetching: net-ssh-2.1.4.gem ( 93%)Fetching: net-ssh-2.1.4.gem ( 94%)Fetching: net-ssh-2.1.4.gem ( 95%)Fetching: net-ssh-2.1.4.gem ( 96%)Fetching: net-ssh-2.1.4.gem ( 98%)Fetching: net-ssh-2.1.4.gem ( 99%)Fetching: net-ssh-2.1.4.gem (100%)Fetching: net-ssh-2.1.4.gem (100%)
Successfully installed net-ssh-2.1.4
Updating rack
Fetching: rack-1.2.2.gemFetching: rack-1.2.2.gem (  1%)Fetching: rack-1.2.2.gem (  4%)Fetching: rack-1.2.2.gem (  5%)Fetching: rack-1.2.2.gem (  6%)Fetching: rack-1.2.2.gem (  8%)Fetching: rack-1.2.2.gem (  9%)Fetching: rack-1.2.2.gem ( 10%)Fetching: rack-1.2.2.gem ( 11%)Fetching: rack-1.2.2.gem ( 12%)Fetching: rack-1.2.2.gem ( 13%)Fetching: rack-1.2.2.gem ( 14%)Fetching: rack-1.2.2.gem ( 16%)Fetching: rack-1.2.2.gem ( 17%)Fetching: rack-1.2.2.gem ( 18%)Fetching: rack-1.2.2.gem ( 19%)Fetching: rack-1.2.2.gem ( 20%)Fetching: rack-1.2.2.gem ( 21%)Fetching: rack-1.2.2.gem ( 22%)Fetching: rack-1.2.2.gem ( 23%)Fetching: rack-1.2.2.gem ( 24%)Fetching: rack-1.2.2.gem ( 25%)Fetching: rack-1.2.2.gem ( 26%)Fetching: rack-1.2.2.gem ( 27%)Fetching: rack-1.2.2.gem ( 28%)Fetching: rack-1.2.2.gem ( 29%)Fetching: rack-1.2.2.gem ( 30%)Fetching: rack-1.2.2.gem ( 31%)Fetching: rack-1.2.2.gem ( 32%)Fetching: rack-1.2.2.gem ( 33%)Fetching: rack-1.2.2.gem ( 34%)Fetching: rack-1.2.2.gem ( 35%)Fetching: rack-1.2.2.gem ( 36%)Fetching: rack-1.2.2.gem ( 37%)Fetching: rack-1.2.2.gem ( 38%)Fetching: rack-1.2.2.gem ( 39%)Fetching: rack-1.2.2.gem ( 40%)Fetching: rack-1.2.2.gem ( 41%)Fetching: rack-1.2.2.gem ( 42%)Fetching: rack-1.2.2.gem ( 43%)Fetching: rack-1.2.2.gem ( 44%)Fetching: rack-1.2.2.gem ( 45%)Fetching: rack-1.2.2.gem ( 46%)Fetching: rack-1.2.2.gem ( 48%)Fetching: rack-1.2.2.gem ( 49%)Fetching: rack-1.2.2.gem ( 50%)Fetching: rack-1.2.2.gem ( 51%)Fetching: rack-1.2.2.gem ( 52%)Fetching: rack-1.2.2.gem ( 53%)Fetching: rack-1.2.2.gem ( 54%)Fetching: rack-1.2.2.gem ( 55%)Fetching: rack-1.2.2.gem ( 56%)Fetching: rack-1.2.2.gem ( 57%)Fetching: rack-1.2.2.gem ( 58%)Fetching: rack-1.2.2.gem ( 59%)Fetching: rack-1.2.2.gem ( 60%)Fetching: rack-1.2.2.gem ( 61%)Fetching: rack-1.2.2.gem ( 62%)Fetching: rack-1.2.2.gem ( 63%)Fetching: rack-1.2.2.gem ( 64%)Fetching: rack-1.2.2.gem ( 65%)Fetching: rack-1.2.2.gem ( 66%)Fetching: rack-1.2.2.gem ( 67%)Fetching: rack-1.2.2.gem ( 68%)Fetching: rack-1.2.2.gem ( 69%)Fetching: rack-1.2.2.gem ( 70%)Fetching: rack-1.2.2.gem ( 71%)Fetching: rack-1.2.2.gem ( 72%)Fetching: rack-1.2.2.gem ( 73%)Fetching: rack-1.2.2.gem ( 74%)Fetching: rack-1.2.2.gem ( 75%)Fetching: rack-1.2.2.gem ( 76%)Fetching: rack-1.2.2.gem ( 77%)Fetching: rack-1.2.2.gem ( 78%)Fetching: rack-1.2.2.gem ( 80%)Fetching: rack-1.2.2.gem ( 81%)Fetching: rack-1.2.2.gem ( 82%)Fetching: rack-1.2.2.gem ( 83%)Fetching: rack-1.2.2.gem ( 84%)Fetching: rack-1.2.2.gem ( 85%)Fetching: rack-1.2.2.gem ( 86%)Fetching: rack-1.2.2.gem ( 87%)Fetching: rack-1.2.2.gem ( 88%)Fetching: rack-1.2.2.gem ( 89%)Fetching: rack-1.2.2.gem ( 90%)Fetching: rack-1.2.2.gem ( 91%)Fetching: rack-1.2.2.gem ( 92%)Fetching: rack-1.2.2.gem ( 93%)Fetching: rack-1.2.2.gem ( 94%)Fetching: rack-1.2.2.gem ( 95%)Fetching: rack-1.2.2.gem ( 96%)Fetching: rack-1.2.2.gem ( 97%)Fetching: rack-1.2.2.gem ( 98%)Fetching: rack-1.2.2.gem ( 99%)Fetching: rack-1.2.2.gem (100%)Fetching: rack-1.2.2.gem (100%)
Successfully installed rack-1.2.2
Updating rails
Fetching: rails-3.0.6.gemFetching: rails-3.0.6.gem ( 22%)Fetching: rails-3.0.6.gem (100%)Fetching: rails-3.0.6.gem (100%)
Successfully installed rails-3.0.6
Updating rubygems-update
Fetching: rubygems-update-1.7.2.gemFetching: rubygems-update-1.7.2.gem (  1%)Fetching: rubygems-update-1.7.2.gem (  3%)Fetching: rubygems-update-1.7.2.gem (  4%)Fetching: rubygems-update-1.7.2.gem (  5%)Fetching: rubygems-update-1.7.2.gem (  6%)Fetching: rubygems-update-1.7.2.gem (  7%)Fetching: rubygems-update-1.7.2.gem (  8%)Fetching: rubygems-update-1.7.2.gem (  9%)Fetching: rubygems-update-1.7.2.gem ( 10%)Fetching: rubygems-update-1.7.2.gem ( 11%)Fetching: rubygems-update-1.7.2.gem ( 12%)Fetching: rubygems-update-1.7.2.gem ( 13%)Fetching: rubygems-update-1.7.2.gem ( 14%)Fetching: rubygems-update-1.7.2.gem ( 15%)Fetching: rubygems-update-1.7.2.gem ( 16%)Fetching: rubygems-update-1.7.2.gem ( 17%)Fetching: rubygems-update-1.7.2.gem ( 18%)Fetching: rubygems-update-1.7.2.gem ( 19%)Fetching: rubygems-update-1.7.2.gem ( 20%)Fetching: rubygems-update-1.7.2.gem ( 21%)Fetching: rubygems-update-1.7.2.gem ( 22%)Fetching: rubygems-update-1.7.2.gem ( 23%)Fetching: rubygems-update-1.7.2.gem ( 24%)Fetching: rubygems-update-1.7.2.gem ( 25%)Fetching: rubygems-update-1.7.2.gem ( 26%)Fetching: rubygems-update-1.7.2.gem ( 27%)Fetching: rubygems-update-1.7.2.gem ( 28%)Fetching: rubygems-update-1.7.2.gem ( 29%)Fetching: rubygems-update-1.7.2.gem ( 30%)Fetching: rubygems-update-1.7.2.gem ( 31%)Fetching: rubygems-update-1.7.2.gem ( 32%)Fetching: rubygems-update-1.7.2.gem ( 33%)Fetching: rubygems-update-1.7.2.gem ( 34%)Fetching: rubygems-update-1.7.2.gem ( 35%)Fetching: rubygems-update-1.7.2.gem ( 36%)Fetching: rubygems-update-1.7.2.gem ( 37%)Fetching: rubygems-update-1.7.2.gem ( 38%)Fetching: rubygems-update-1.7.2.gem ( 39%)Fetching: rubygems-update-1.7.2.gem ( 40%)Fetching: rubygems-update-1.7.2.gem ( 41%)Fetching: rubygems-update-1.7.2.gem ( 42%)Fetching: rubygems-update-1.7.2.gem ( 43%)Fetching: rubygems-update-1.7.2.gem ( 44%)Fetching: rubygems-update-1.7.2.gem ( 45%)Fetching: rubygems-update-1.7.2.gem ( 46%)Fetching: rubygems-update-1.7.2.gem ( 47%)Fetching: rubygems-update-1.7.2.gem ( 48%)Fetching: rubygems-update-1.7.2.gem ( 49%)Fetching: rubygems-update-1.7.2.gem ( 50%)Fetching: rubygems-update-1.7.2.gem ( 51%)Fetching: rubygems-update-1.7.2.gem ( 52%)Fetching: rubygems-update-1.7.2.gem ( 53%)Fetching: rubygems-update-1.7.2.gem ( 54%)Fetching: rubygems-update-1.7.2.gem ( 55%)Fetching: rubygems-update-1.7.2.gem ( 56%)Fetching: rubygems-update-1.7.2.gem ( 57%)Fetching: rubygems-update-1.7.2.gem ( 58%)Fetching: rubygems-update-1.7.2.gem ( 59%)Fetching: rubygems-update-1.7.2.gem ( 60%)Fetching: rubygems-update-1.7.2.gem ( 61%)Fetching: rubygems-update-1.7.2.gem ( 62%)Fetching: rubygems-update-1.7.2.gem ( 63%)Fetching: rubygems-update-1.7.2.gem ( 64%)Fetching: rubygems-update-1.7.2.gem ( 65%)Fetching: rubygems-update-1.7.2.gem ( 66%)Fetching: rubygems-update-1.7.2.gem ( 67%)Fetching: rubygems-update-1.7.2.gem ( 68%)Fetching: rubygems-update-1.7.2.gem ( 69%)Fetching: rubygems-update-1.7.2.gem ( 70%)Fetching: rubygems-update-1.7.2.gem ( 71%)Fetching: rubygems-update-1.7.2.gem ( 72%)Fetching: rubygems-update-1.7.2.gem ( 73%)Fetching: rubygems-update-1.7.2.gem ( 74%)Fetching: rubygems-update-1.7.2.gem ( 75%)Fetching: rubygems-update-1.7.2.gem ( 76%)Fetching: rubygems-update-1.7.2.gem ( 77%)Fetching: rubygems-update-1.7.2.gem ( 78%)Fetching: rubygems-update-1.7.2.gem ( 79%)Fetching: rubygems-update-1.7.2.gem ( 80%)Fetching: rubygems-update-1.7.2.gem ( 81%)Fetching: rubygems-update-1.7.2.gem ( 82%)Fetching: rubygems-update-1.7.2.gem ( 83%)Fetching: rubygems-update-1.7.2.gem ( 84%)Fetching: rubygems-update-1.7.2.gem ( 85%)Fetching: rubygems-update-1.7.2.gem ( 86%)Fetching: rubygems-update-1.7.2.gem ( 87%)Fetching: rubygems-update-1.7.2.gem ( 88%)Fetching: rubygems-update-1.7.2.gem ( 89%)Fetching: rubygems-update-1.7.2.gem ( 90%)Fetching: rubygems-update-1.7.2.gem ( 91%)Fetching: rubygems-update-1.7.2.gem ( 92%)Fetching: rubygems-update-1.7.2.gem ( 93%)Fetching: rubygems-update-1.7.2.gem ( 94%)Fetching: rubygems-update-1.7.2.gem ( 95%)Fetching: rubygems-update-1.7.2.gem ( 96%)Fetching: rubygems-update-1.7.2.gem ( 97%)Fetching: rubygems-update-1.7.2.gem ( 98%)Fetching: rubygems-update-1.7.2.gem ( 99%)Fetching: rubygems-update-1.7.2.gem (100%)Fetching: rubygems-update-1.7.2.gem (100%)
Successfully installed rubygems-update-1.7.2
Updating tzinfo
Fetching: tzinfo-0.3.26.gemFetching: tzinfo-0.3.26.gem (  1%)Fetching: tzinfo-0.3.26.gem (  2%)Fetching: tzinfo-0.3.26.gem (  3%)Fetching: tzinfo-0.3.26.gem (  4%)Fetching: tzinfo-0.3.26.gem (  5%)Fetching: tzinfo-0.3.26.gem (  6%)Fetching: tzinfo-0.3.26.gem (  7%)Fetching: tzinfo-0.3.26.gem (  8%)Fetching: tzinfo-0.3.26.gem ( 10%)Fetching: tzinfo-0.3.26.gem ( 12%)Fetching: tzinfo-0.3.26.gem ( 15%)Fetching: tzinfo-0.3.26.gem ( 16%)Fetching: tzinfo-0.3.26.gem ( 17%)Fetching: tzinfo-0.3.26.gem ( 18%)Fetching: tzinfo-0.3.26.gem ( 19%)Fetching: tzinfo-0.3.26.gem ( 20%)Fetching: tzinfo-0.3.26.gem ( 21%)Fetching: tzinfo-0.3.26.gem ( 22%)Fetching: tzinfo-0.3.26.gem ( 23%)Fetching: tzinfo-0.3.26.gem ( 24%)Fetching: tzinfo-0.3.26.gem ( 25%)Fetching: tzinfo-0.3.26.gem ( 26%)Fetching: tzinfo-0.3.26.gem ( 27%)Fetching: tzinfo-0.3.26.gem ( 28%)Fetching: tzinfo-0.3.26.gem ( 29%)Fetching: tzinfo-0.3.26.gem ( 30%)Fetching: tzinfo-0.3.26.gem ( 32%)Fetching: tzinfo-0.3.26.gem ( 35%)Fetching: tzinfo-0.3.26.gem ( 37%)Fetching: tzinfo-0.3.26.gem ( 38%)Fetching: tzinfo-0.3.26.gem ( 39%)Fetching: tzinfo-0.3.26.gem ( 40%)Fetching: tzinfo-0.3.26.gem ( 41%)Fetching: tzinfo-0.3.26.gem ( 42%)Fetching: tzinfo-0.3.26.gem ( 43%)Fetching: tzinfo-0.3.26.gem ( 44%)Fetching: tzinfo-0.3.26.gem ( 45%)Fetching: tzinfo-0.3.26.gem ( 46%)Fetching: tzinfo-0.3.26.gem ( 47%)Fetching: tzinfo-0.3.26.gem ( 48%)Fetching: tzinfo-0.3.26.gem ( 49%)Fetching: tzinfo-0.3.26.gem ( 50%)Fetching: tzinfo-0.3.26.gem ( 51%)Fetching: tzinfo-0.3.26.gem ( 52%)Fetching: tzinfo-0.3.26.gem ( 53%)Fetching: tzinfo-0.3.26.gem ( 54%)Fetching: tzinfo-0.3.26.gem ( 55%)Fetching: tzinfo-0.3.26.gem ( 56%)Fetching: tzinfo-0.3.26.gem ( 57%)Fetching: tzinfo-0.3.26.gem ( 58%)Fetching: tzinfo-0.3.26.gem ( 59%)Fetching: tzinfo-0.3.26.gem ( 60%)Fetching: tzinfo-0.3.26.gem ( 61%)Fetching: tzinfo-0.3.26.gem ( 62%)Fetching: tzinfo-0.3.26.gem ( 63%)Fetching: tzinfo-0.3.26.gem ( 64%)Fetching: tzinfo-0.3.26.gem ( 66%)Fetching: tzinfo-0.3.26.gem ( 67%)Fetching: tzinfo-0.3.26.gem ( 68%)Fetching: tzinfo-0.3.26.gem ( 69%)Fetching: tzinfo-0.3.26.gem ( 70%)Fetching: tzinfo-0.3.26.gem ( 71%)Fetching: tzinfo-0.3.26.gem ( 72%)Fetching: tzinfo-0.3.26.gem ( 73%)Fetching: tzinfo-0.3.26.gem ( 74%)Fetching: tzinfo-0.3.26.gem ( 75%)Fetching: tzinfo-0.3.26.gem ( 77%)Fetching: tzinfo-0.3.26.gem ( 78%)Fetching: tzinfo-0.3.26.gem ( 81%)Fetching: tzinfo-0.3.26.gem ( 86%)Fetching: tzinfo-0.3.26.gem ( 91%)Fetching: tzinfo-0.3.26.gem ( 93%)Fetching: tzinfo-0.3.26.gem ( 95%)Fetching: tzinfo-0.3.26.gem ( 97%)Fetching: tzinfo-0.3.26.gem ( 98%)Fetching: tzinfo-0.3.26.gem (100%)Fetching: tzinfo-0.3.26.gem (100%)
Successfully installed tzinfo-0.3.26
Updating xmpp4r
Fetching: xmpp4r-0.5.gemFetching: xmpp4r-0.5.gem (  1%)Fetching: xmpp4r-0.5.gem (  2%)Fetching: xmpp4r-0.5.gem (  3%)Fetching: xmpp4r-0.5.gem (  4%)Fetching: xmpp4r-0.5.gem (  5%)Fetching: xmpp4r-0.5.gem (  6%)Fetching: xmpp4r-0.5.gem (  7%)Fetching: xmpp4r-0.5.gem (  8%)Fetching: xmpp4r-0.5.gem (  9%)Fetching: xmpp4r-0.5.gem ( 10%)Fetching: xmpp4r-0.5.gem ( 11%)Fetching: xmpp4r-0.5.gem ( 12%)Fetching: xmpp4r-0.5.gem ( 13%)Fetching: xmpp4r-0.5.gem ( 14%)Fetching: xmpp4r-0.5.gem ( 15%)Fetching: xmpp4r-0.5.gem ( 16%)Fetching: xmpp4r-0.5.gem ( 17%)Fetching: xmpp4r-0.5.gem ( 18%)Fetching: xmpp4r-0.5.gem ( 19%)Fetching: xmpp4r-0.5.gem ( 20%)Fetching: xmpp4r-0.5.gem ( 21%)Fetching: xmpp4r-0.5.gem ( 22%)Fetching: xmpp4r-0.5.gem ( 23%)Fetching: xmpp4r-0.5.gem ( 24%)Fetching: xmpp4r-0.5.gem ( 25%)Fetching: xmpp4r-0.5.gem ( 26%)Fetching: xmpp4r-0.5.gem ( 27%)Fetching: xmpp4r-0.5.gem ( 28%)Fetching: xmpp4r-0.5.gem ( 29%)Fetching: xmpp4r-0.5.gem ( 30%)Fetching: xmpp4r-0.5.gem ( 31%)Fetching: xmpp4r-0.5.gem ( 32%)Fetching: xmpp4r-0.5.gem ( 33%)Fetching: xmpp4r-0.5.gem ( 34%)Fetching: xmpp4r-0.5.gem ( 35%)Fetching: xmpp4r-0.5.gem ( 36%)Fetching: xmpp4r-0.5.gem ( 37%)Fetching: xmpp4r-0.5.gem ( 39%)Fetching: xmpp4r-0.5.gem ( 40%)Fetching: xmpp4r-0.5.gem ( 43%)Fetching: xmpp4r-0.5.gem ( 49%)Fetching: xmpp4r-0.5.gem ( 50%)Fetching: xmpp4r-0.5.gem ( 55%)Fetching: xmpp4r-0.5.gem ( 58%)Fetching: xmpp4r-0.5.gem ( 63%)Fetching: xmpp4r-0.5.gem ( 67%)Fetching: xmpp4r-0.5.gem ( 69%)Fetching: xmpp4r-0.5.gem ( 73%)Fetching: xmpp4r-0.5.gem ( 74%)Fetching: xmpp4r-0.5.gem ( 78%)Fetching: xmpp4r-0.5.gem ( 83%)Fetching: xmpp4r-0.5.gem ( 85%)Fetching: xmpp4r-0.5.gem ( 88%)Fetching: xmpp4r-0.5.gem ( 89%)Fetching: xmpp4r-0.5.gem ( 90%)Fetching: xmpp4r-0.5.gem ( 91%)Fetching: xmpp4r-0.5.gem ( 92%)Fetching: xmpp4r-0.5.gem ( 93%)Fetching: xmpp4r-0.5.gem ( 94%)Fetching: xmpp4r-0.5.gem ( 95%)Fetching: xmpp4r-0.5.gem ( 96%)Fetching: xmpp4r-0.5.gem ( 97%)Fetching: xmpp4r-0.5.gem (100%)Fetching: xmpp4r-0.5.gem (100%)
Successfully installed xmpp4r-0.5
Updating RubyGems to 1.7.2
Installing RubyGems 1.7.2
RubyGems 1.7.2 installed

﻿=== 1.7.2 / 2011-04-05

* 1 Bug Fix:
  * Warn on loading bad spec array values (ntlm-http gem has nil in its cert
    chain)


------------------------------------------------------------------------------

RubyGems installed the following executables:
	/System/Library/Frameworks/Ruby.framework/Versions/1.8/usr/bin/gem

bash-3.2$ ls
controllers	helpers		mailers		models		views
bash-3.2$ lssudo gem update[C[C[C[C[C[C[C[C[C[C[5P[C[C[C[C[C[C[C[C[C[C[3Prails g[K generate scaffold member twitter_id:integer name:string token:strring secret:string profile_image:string
bash-3.2$ ls
controllers	helpers		mailers		models		views
bash-3.2$ 